Archive member included to satisfy reference by file (symbol)

/home/huynh/.silabs/slt/installs/conan/p/gcc-a442105b5c2637/p/bin/../lib/gcc/arm-none-eabi/12.2.1/thumb/v8-m.main+fp/hard/libgcc.a(_arm_muldf3.o)
                              CMakeFiles/slc.dir/base/home/huynh/SimplicityStudio/v6_workspace/empty_2/empty_3/simplicity_sdk_2025.12.3/printf/printf.c.obj (__aeabi_dmul)
/home/huynh/.silabs/slt/installs/conan/p/gcc-a442105b5c2637/p/bin/../lib/gcc/arm-none-eabi/12.2.1/thumb/v8-m.main+fp/hard/libgcc.a(_arm_addsubdf3.o)
                              CMakeFiles/slc.dir/base/home/huynh/SimplicityStudio/v6_workspace/empty_2/empty_3/simplicity_sdk_2025.12.3/printf/printf.c.obj (__aeabi_dsub)
/home/huynh/.silabs/slt/installs/conan/p/gcc-a442105b5c2637/p/bin/../lib/gcc/arm-none-eabi/12.2.1/thumb/v8-m.main+fp/hard/libgcc.a(_arm_muldivdf3.o)
                              CMakeFiles/slc.dir/base/home/huynh/SimplicityStudio/v6_workspace/empty_2/empty_3/simplicity_sdk_2025.12.3/printf/printf.c.obj (__aeabi_ddiv)
/home/huynh/.silabs/slt/installs/conan/p/gcc-a442105b5c2637/p/bin/../lib/gcc/arm-none-eabi/12.2.1/thumb/v8-m.main+fp/hard/libgcc.a(_arm_cmpdf2.o)
                              CMakeFiles/slc.dir/base/home/huynh/SimplicityStudio/v6_workspace/empty_2/empty_3/simplicity_sdk_2025.12.3/printf/printf.c.obj (__aeabi_dcmpeq)
/home/huynh/.silabs/slt/installs/conan/p/gcc-a442105b5c2637/p/bin/../lib/gcc/arm-none-eabi/12.2.1/thumb/v8-m.main+fp/hard/libgcc.a(_arm_fixdfsi.o)
                              CMakeFiles/slc.dir/base/home/huynh/SimplicityStudio/v6_workspace/empty_2/empty_3/simplicity_sdk_2025.12.3/printf/printf.c.obj (__aeabi_d2iz)
/home/huynh/.silabs/slt/installs/conan/p/gcc-a442105b5c2637/p/bin/../lib/gcc/arm-none-eabi/12.2.1/thumb/v8-m.main+fp/hard/libgcc.a(_arm_fixunsdfsi.o)
                              CMakeFiles/slc.dir/base/home/huynh/SimplicityStudio/v6_workspace/empty_2/empty_3/simplicity_sdk_2025.12.3/printf/printf.c.obj (__aeabi_d2uiz)
/home/huynh/.silabs/slt/installs/conan/p/gcc-a442105b5c2637/p/bin/../lib/gcc/arm-none-eabi/12.2.1/thumb/v8-m.main+fp/hard/libgcc.a(_aeabi_ldivmod.o)
                              CMakeFiles/slc.dir/base/home/huynh/SimplicityStudio/v6_workspace/empty_2/empty_3/simplicity_sdk_2025.12.3/platform_core/platform/emlib/src/em_usart.c.obj (__aeabi_ldivmod)
/home/huynh/.silabs/slt/installs/conan/p/gcc-a442105b5c2637/p/bin/../lib/gcc/arm-none-eabi/12.2.1/thumb/v8-m.main+fp/hard/libgcc.a(_aeabi_uldivmod.o)
                              CMakeFiles/slc.dir/base/home/huynh/SimplicityStudio/v6_workspace/empty_2/empty_3/simplicity_sdk_2025.12.3/platform_core/platform/emlib/src/em_usart.c.obj (__aeabi_uldivmod)
/home/huynh/.silabs/slt/installs/conan/p/gcc-a442105b5c2637/p/bin/../lib/gcc/arm-none-eabi/12.2.1/thumb/v8-m.main+fp/hard/libgcc.a(_udivmoddi4.o)
                              /home/huynh/.silabs/slt/installs/conan/p/gcc-a442105b5c2637/p/bin/../lib/gcc/arm-none-eabi/12.2.1/thumb/v8-m.main+fp/hard/libgcc.a(_aeabi_ldivmod.o) (__udivmoddi4)
/home/huynh/.silabs/slt/installs/conan/p/gcc-a442105b5c2637/p/bin/../lib/gcc/arm-none-eabi/12.2.1/thumb/v8-m.main+fp/hard/libgcc.a(_dvmd_tls.o)
                              /home/huynh/.silabs/slt/installs/conan/p/gcc-a442105b5c2637/p/bin/../lib/gcc/arm-none-eabi/12.2.1/thumb/v8-m.main+fp/hard/libgcc.a(_aeabi_ldivmod.o) (__aeabi_ldiv0)
/home/huynh/.silabs/slt/installs/conan/p/gcc-a442105b5c2637/p/bin/../lib/gcc/arm-none-eabi/12.2.1/../../../../arm-none-eabi/lib/thumb/v8-m.main+fp/hard/libc_nano.a(libc_a-exit.o)
                              /home/huynh/.silabs/slt/installs/conan/p/gcc-a442105b5c2637/p/bin/../lib/gcc/arm-none-eabi/12.2.1/../../../../arm-none-eabi/lib/thumb/v8-m.main+fp/hard/crt0.o (exit)
/home/huynh/.silabs/slt/installs/conan/p/gcc-a442105b5c2637/p/bin/../lib/gcc/arm-none-eabi/12.2.1/../../../../arm-none-eabi/lib/thumb/v8-m.main+fp/hard/libc_nano.a(libc_a-init.o)
                              /home/huynh/.silabs/slt/installs/conan/p/gcc-a442105b5c2637/p/bin/../lib/gcc/arm-none-eabi/12.2.1/../../../../arm-none-eabi/lib/thumb/v8-m.main+fp/hard/crt0.o (__libc_init_array)
/home/huynh/.silabs/slt/installs/conan/p/gcc-a442105b5c2637/p/bin/../lib/gcc/arm-none-eabi/12.2.1/../../../../arm-none-eabi/lib/thumb/v8-m.main+fp/hard/libc_nano.a(libc_a-strcmp.o)
                              CMakeFiles/slc.dir/base/home/huynh/SimplicityStudio/v6_workspace/empty_2/empty_3/autogen/sl_iostream_handles.c.obj (strcmp)
/home/huynh/.silabs/slt/installs/conan/p/gcc-a442105b5c2637/p/bin/../lib/gcc/arm-none-eabi/12.2.1/../../../../arm-none-eabi/lib/thumb/v8-m.main+fp/hard/libc_nano.a(libc_a-impure.o)
                              CMakeFiles/slc.dir/base/home/huynh/SimplicityStudio/v6_workspace/empty_2/empty_3/app.c.obj (_impure_ptr)
/home/huynh/.silabs/slt/installs/conan/p/gcc-a442105b5c2637/p/bin/../lib/gcc/arm-none-eabi/12.2.1/../../../../arm-none-eabi/lib/thumb/v8-m.main+fp/hard/libc_nano.a(libc_a-memcpy-stub.o)
[...]
Memory Configuration

Name             Origin             Length             Attributes
FLASH            0x0000000008000000 0x000000000031e000 xr
RAM              0x0000000020000000 0x0000000000080000 xrw
*default*        0x0000000000000000 0xffffffffffffffff

Linker script and memory map

LOAD /home/huynh/.silabs/slt/installs/conan/p/gcc-a442105b5c2637/p/bin/../lib/gcc/arm-none-eabi/12.2.1/thumb/v8-m.main+fp/hard/crti.o
LOAD /home/huynh/.silabs/slt/installs/conan/p/gcc-a442105b5c2637/p/bin/../lib/gcc/arm-none-eabi/12.2.1/thumb/v8-m.main+fp/hard/crtbegin.o
LOAD /home/huynh/.silabs/slt/installs/conan/p/gcc-a442105b5c2637/p/bin/../lib/gcc/arm-none-eabi/12.2.1/../../../../arm-none-eabi/lib/thumb/v8-m.main+fp/hard/crt0.o
LOAD CMakeFiles/slc.dir/base/home/huynh/SimplicityStudio/v6_workspace/empty_2/empty_3/simplicity_sdk_2025.12.3/boards/hardware/board/src/sl_board_control_gpio.c.obj
LOAD CMakeFiles/slc.dir/base/home/huynh/SimplicityStudio/v6_workspace/empty_2/empty_3/simplicity_sdk_2025.12.3/boards/hardware/board/src/sl_board_init.c.obj
LOAD CMakeFiles/slc.dir/base/home/huynh/SimplicityStudio/v6_workspace/empty_2/empty_3/simplicity_sdk_2025.12.3/devices/platform/Device/SiliconLabs/EFR32MG26/Source/startup_efr32mg26.c.obj
LOAD CMakeFiles/slc.dir/base/home/huynh/SimplicityStudio/v6_workspace/empty_2/empty_3/simplicity_sdk_2025.12.3/devices/platform/Device/SiliconLabs/EFR32MG26/Source/system_efr32mg26.c.obj
LOAD CMakeFiles/slc.dir/base/home/huynh/SimplicityStudio/v6_workspace/empty_2/empty_3/simplicity_sdk_2025.12.3/platform_common/platform/common/src/sl_assert.c.obj
LOAD CMakeFiles/slc.dir/base/home/huynh/SimplicityStudio/v6_workspace/empty_2/empty_3/simplicity_sdk_2025.12.3/platform_common/platform/common/src/sl_slist.c.obj
LOAD CMakeFiles/slc.dir/base/home/huynh/SimplicityStudio/v6_workspace/empty_2/empty_3/simplicity_sdk_2025.12.3/platform_common/platform/common/src/sl_string.c.obj
LOAD CMakeFiles/slc.dir/base/home/huynh/SimplicityStudio/v6_workspace/empty_2/empty_3/simplicity_sdk_2025.12.3/platform_common/platform/common/src/sl_syscalls.c.obj
LOAD CMakeFiles/slc.dir/base/home/huynh/SimplicityStudio/v6_workspace/empty_2/empty_3/simplicity_sdk_2025.12.3/platform_core/hardware/driver/configuration_over_swo/src/sl_cos.c.obj
LOAD CMakeFiles/slc.dir/base/home/huynh/SimplicityStudio/v6_workspace/empty_2/empty_3/simplicity_sdk_2025.12.3/platform_core/platform/common/src/sl_core_cortexm.c.obj
LOAD CMakeFiles/slc.dir/base/home/huynh/SimplicityStudio/v6_workspace/empty_2/empty_3/simplicity_sdk_2025.12.3/platform_core/platform/driver/debug/src/sl_debug_swo.c.obj
LOAD CMakeFiles/slc.dir/base/home/huynh/SimplicityStudio/v6_workspace/empty_2/empty_3/simplicity_sdk_2025.12.3/platform_core/platform/driver/gpio/src/sl_gpio.c.obj
LOAD CMakeFiles/slc.dir/base/home/huynh/SimplicityStudio/v6_workspace/empty_2/empty_3/simplicity_sdk_2025.12.3/platform_core/platform/driver/i2c/src/sl_i2c.c.obj
LOAD CMakeFiles/slc.dir/base/home/huynh/SimplicityStudio/v6_workspace/empty_2/empty_3/simplicity_sdk_2025.12.3/platform_core/platform/driver/i2cspm/src/sl_i2cspm.c.obj
LOAD CMakeFiles/slc.dir/base/home/huynh/SimplicityStudio/v6_workspace/empty_2/empty_3/simplicity_sdk_2025.12.3/platform_core/platform/emdrv/dmadrv/src/dmadrv.c.obj
LOAD CMakeFiles/slc.dir/base/home/huynh/SimplicityStudio/v6_workspace/empty_2/empty_3/simplicity_sdk_2025.12.3/platform_core/platform/emlib/src/em_burtc.c.obj
LOAD CMakeFiles/slc.dir/base/home/huynh/SimplicityStudio/v6_workspace/empty_2/empty_3/simplicity_sdk_2025.12.3/platform_core/platform/emlib/src/em_cmu.c.obj
LOAD CMakeFiles/slc.dir/base/home/huynh/SimplicityStudio/v6_workspace/empty_2/empty_3/simplicity_sdk_2025.12.3/platform_core/platform/emlib/src/em_emu.c.obj
LOAD CMakeFiles/slc.dir/base/home/huynh/SimplicityStudio/v6_workspace/empty_2/empty_3/simplicity_sdk_2025.12.3/platform_core/platform/emlib/src/em_gpio.c.obj
LOAD CMakeFiles/slc.dir/base/home/huynh/SimplicityStudio/v6_workspace/empty_2/empty_3/simplicity_sdk_2025.12.3/platform_core/platform/emlib/src/em_i2c.c.obj
LOAD CMakeFiles/slc.dir/base/home/huynh/SimplicityStudio/v6_workspace/empty_2/empty_3/simplicity_sdk_2025.12.3/platform_core/platform/emlib/src/em_ldma.c.obj
LOAD CMakeFiles/slc.dir/base/home/huynh/SimplicityStudio/v6_workspace/empty_2/empty_3/simplicity_sdk_2025.12.3/platform_core/platform/emlib/src/em_msc.c.obj
LOAD CMakeFiles/slc.dir/base/home/huynh/SimplicityStudio/v6_workspace/empty_2/empty_3/simplicity_sdk_2025.12.3/platform_core/platform/emlib/src/em_prs.c.obj
LOAD CMakeFiles/slc.dir/base/home/huynh/SimplicityStudio/v6_workspace/empty_2/empty_3/simplicity_sdk_2025.12.3/platform_core/platform/emlib/src/em_system.c.obj
LOAD CMakeFiles/slc.dir/base/home/huynh/SimplicityStudio/v6_workspace/empty_2/empty_3/simplicity_sdk_2025.12.3/platform_core/platform/emlib/src/em_timer.c.obj
LOAD CMakeFiles/slc.dir/base/home/huynh/SimplicityStudio/v6_workspace/empty_2/empty_3/simplicity_sdk_2025.12.3/platform_core/platform/emlib/src/em_usart.c.obj
LOAD CMakeFiles/slc.dir/base/home/huynh/SimplicityStudio/v6_workspace/empty_2/empty_3/simplicity_sdk_2025.12.3/platform_core/platform/peripheral/src/sl_hal_gpio.c.obj
LOAD CMakeFiles/slc.dir/base/home/huynh/SimplicityStudio/v6_workspace/empty_2/empty_3/simplicity_sdk_2025.12.3/platform_core/platform/peripheral/src/sl_hal_i2c.c.obj
LOAD CMakeFiles/slc.dir/base/home/huynh/SimplicityStudio/v6_workspace/empty_2/empty_3/simplicity_sdk_2025.12.3/platform_core/platform/peripheral/src/sl_hal_syscfg.c.obj
LOAD CMakeFiles/slc.dir/base/home/huynh/SimplicityStudio/v6_workspace/empty_2/empty_3/simplicity_sdk_2025.12.3/platform_core/platform/peripheral/src/sl_hal_sysrtc.c.obj
LOAD CMakeFiles/slc.dir/base/home/huynh/SimplicityStudio/v6_workspace/empty_2/empty_3/simplicity_sdk_2025.12.3/platform_core/platform/peripheral/src/sl_hal_sysrtc_subsystem.c.obj
LOAD CMakeFiles/slc.dir/base/home/huynh/SimplicityStudio/v6_workspace/empty_2/empty_3/simplicity_sdk_2025.12.3/platform_core/platform/peripheral/src/sl_hal_system.c.obj
LOAD CMakeFiles/slc.dir/base/home/huynh/SimplicityStudio/v6_workspace/empty_2/empty_3/simplicity_sdk_2025.12.3/platform_core/platform/service/clock_manager/src/sl_clock_manager.c.obj
LOAD CMakeFiles/slc.dir/base/home/huynh/SimplicityStudio/v6_workspace/empty_2/empty_3/simplicity_sdk_2025.12.3/platform_core/platform/service/clock_manager/src/sl_clock_manager_hal_s2.c.obj
LOAD CMakeFiles/slc.dir/base/home/huynh/SimplicityStudio/v6_workspace/empty_2/empty_3/simplicity_sdk_2025.12.3/platform_core/platform/service/clock_manager/src/sl_clock_manager_init.c.obj
LOAD CMakeFiles/slc.dir/base/home/huynh/SimplicityStudio/v6_workspace/empty_2/empty_3/simplicity_sdk_2025.12.3/platform_core/platform/service/clock_manager/src/sl_clock_manager_init_hal_s2.c.obj
LOAD CMakeFiles/slc.dir/base/home/huynh/SimplicityStudio/v6_workspace/empty_2/empty_3/simplicity_sdk_2025.12.3/platform_core/platform/service/device_init/src/sl_device_init_dcdc_s2.c.obj
LOAD CMakeFiles/slc.dir/base/home/huynh/SimplicityStudio/v6_workspace/empty_2/empty_3/simplicity_sdk_2025.12.3/platform_core/platform/service/device_init/src/sl_device_init_emu_s2.c.obj
LOAD CMakeFiles/slc.dir/base/home/huynh/SimplicityStudio/v6_workspace/empty_2/empty_3/simplicity_sdk_2025.12.3/platform_core/platform/service/device_manager/clocks/sl_device_clock_efr32xg26.c.obj
LOAD CMakeFiles/slc.dir/base/home/huynh/SimplicityStudio/v6_workspace/empty_2/empty_3/simplicity_sdk_2025.12.3/platform_core/platform/service/device_manager/devices/sl_device_peripheral_hal_efr32xg26.c.obj
LOAD CMakeFiles/slc.dir/base/home/huynh/SimplicityStudio/v6_workspace/empty_2/empty_3/simplicity_sdk_2025.12.3/platform_core/platform/service/device_manager/dma/sl_device_dma_s2.c.obj
LOAD CMakeFiles/slc.dir/base/home/huynh/SimplicityStudio/v6_workspace/empty_2/empty_3/simplicity_sdk_2025.12.3/platform_core/platform/service/device_manager/src/sl_device_clock.c.obj
LOAD CMakeFiles/slc.dir/base/home/huynh/SimplicityStudio/v6_workspace/empty_2/empty_3/simplicity_sdk_2025.12.3/platform_core/platform/service/device_manager/src/sl_device_dma.c.obj
LOAD CMakeFiles/slc.dir/base/home/huynh/SimplicityStudio/v6_workspace/empty_2/empty_3/simplicity_sdk_2025.12.3/platform_core/platform/service/device_manager/src/sl_device_gpio.c.obj
LOAD CMakeFiles/slc.dir/base/home/huynh/SimplicityStudio/v6_workspace/empty_2/empty_3/simplicity_sdk_2025.12.3/platform_core/platform/service/device_manager/src/sl_device_peripheral.c.obj
LOAD CMakeFiles/slc.dir/base/home/huynh/SimplicityStudio/v6_workspace/empty_2/empty_3/simplicity_sdk_2025.12.3/platform_core/platform/service/interrupt_manager/src/sl_interrupt_manager_cortexm.c.obj
LOAD CMakeFiles/slc.dir/base/home/huynh/SimplicityStudio/v6_workspace/empty_2/empty_3/simplicity_sdk_2025.12.3/platform_core/platform/service/iostream/src/sl_iostream.c.obj
LOAD CMakeFiles/slc.dir/base/home/huynh/SimplicityStudio/v6_workspace/empty_2/empty_3/simplicity_sdk_2025.12.3/platform_core/platform/service/iostream/src/sl_iostream_retarget_stdio.c.obj
LOAD CMakeFiles/slc.dir/base/home/huynh/SimplicityStudio/v6_workspace/empty_2/empty_3/simplicity_sdk_2025.12.3/platform_core/platform/service/iostream/src/sl_iostream_uart.c.obj
LOAD CMakeFiles/slc.dir/base/home/huynh/SimplicityStudio/v6_workspace/empty_2/empty_3/simplicity_sdk_2025.12.3/platform_core/platform/service/iostream/src/sl_iostream_usart.c.obj
LOAD CMakeFiles/slc.dir/base/home/huynh/SimplicityStudio/v6_workspace/empty_2/empty_3/simplicity_sdk_2025.12.3/platform_core/platform/service/memory_manager/src/sl_memory_manager_region.c.obj
LOAD CMakeFiles/slc.dir/base/home/huynh/SimplicityStudio/v6_workspace/empty_2/empty_3/simplicity_sdk_2025.12.3/platform_core/platform/service/sl_main/src/sl_main_init.c.obj
LOAD CMakeFiles/slc.dir/base/home/huynh/SimplicityStudio/v6_workspace/empty_2/empty_3/simplicity_sdk_2025.12.3/platform_core/platform/service/sl_main/src/sl_main_init_memory.c.obj
LOAD CMakeFiles/slc.dir/base/home/huynh/SimplicityStudio/v6_workspace/empty_2/empty_3/simplicity_sdk_2025.12.3/platform_core/platform/service/sl_main/src/sl_main_process_action.c.obj
LOAD CMakeFiles/slc.dir/base/home/huynh/SimplicityStudio/v6_workspace/empty_2/empty_3/simplicity_sdk_2025.12.3/platform_core/platform/service/sleeptimer/src/sl_sleeptimer.c.obj
LOAD CMakeFiles/slc.dir/base/home/huynh/SimplicityStudio/v6_workspace/empty_2/empty_3/simplicity_sdk_2025.12.3/platform_core/platform/service/sleeptimer/src/sl_sleeptimer_hal_burtc.c.obj
LOAD CMakeFiles/slc.dir/base/home/huynh/SimplicityStudio/v6_workspace/empty_2/empty_3/simplicity_sdk_2025.12.3/platform_core/platform/service/sleeptimer/src/sl_sleeptimer_hal_sysrtc.c.obj
LOAD CMakeFiles/slc.dir/base/home/huynh/SimplicityStudio/v6_workspace/empty_2/empty_3/simplicity_sdk_2025.12.3/platform_core/platform/service/sleeptimer/src/sl_sleeptimer_hal_timer.c.obj
LOAD CMakeFiles/slc.dir/base/home/huynh/SimplicityStudio/v6_workspace/empty_2/empty_3/simplicity_sdk_2025.12.3/platform_core/platform/service/udelay/src/sl_udelay.c.obj
LOAD CMakeFiles/slc.dir/base/home/huynh/SimplicityStudio/v6_workspace/empty_2/empty_3/simplicity_sdk_2025.12.3/platform_core/platform/service/udelay/src/sl_udelay_armv6m_gcc.S.obj
LOAD CMakeFiles/slc.dir/base/home/huynh/SimplicityStudio/v6_workspace/empty_2/empty_3/simplicity_sdk_2025.12.3/printf/printf.c.obj
LOAD CMakeFiles/slc.dir/base/home/huynh/SimplicityStudio/v6_workspace/empty_2/empty_3/simplicity_sdk_2025.12.3/printf/src/iostream_printf.c.obj
LOAD CMakeFiles/slc.dir/base/home/huynh/SimplicityStudio/v6_workspace/empty_2/empty_3/app.c.obj
LOAD CMakeFiles/slc.dir/base/home/huynh/SimplicityStudio/v6_workspace/empty_2/empty_3/autogen/sl_board_default_init.c.obj
LOAD CMakeFiles/slc.dir/base/home/huynh/SimplicityStudio/v6_workspace/empty_2/empty_3/autogen/sl_event_handler.c.obj
LOAD CMakeFiles/slc.dir/base/home/huynh/SimplicityStudio/v6_workspace/empty_2/empty_3/autogen/sl_i2cspm_init.c.obj
LOAD CMakeFiles/slc.dir/base/home/huynh/SimplicityStudio/v6_workspace/empty_2/empty_3/autogen/sl_iostream_handles.c.obj
LOAD CMakeFiles/slc.dir/base/home/huynh/SimplicityStudio/v6_workspace/empty_2/empty_3/autogen/sl_iostream_init_usart_instances.c.obj
LOAD CMakeFiles/slc.dir/base/home/huynh/SimplicityStudio/v6_workspace/empty_2/empty_3/main.c.obj
START GROUP
LOAD /home/huynh/.silabs/slt/installs/conan/p/gcc-a442105b5c2637/p/bin/../lib/gcc/arm-none-eabi/12.2.1/thumb/v8-m.main+fp/hard/libgcc.a
LOAD /home/huynh/.silabs/slt/installs/conan/p/gcc-a442105b5c2637/p/bin/../lib/gcc/arm-none-eabi/12.2.1/../../../../arm-none-eabi/lib/thumb/v8-m.main+fp/hard/libc_nano.a
LOAD /home/huynh/.silabs/slt/installs/conan/p/gcc-a442105b5c2637/p/bin/../lib/gcc/arm-none-eabi/12.2.1/../../../../arm-none-eabi/lib/thumb/v8-m.main+fp/hard/libm.a
LOAD /home/huynh/.silabs/slt/installs/conan/p/gcc-a442105b5c2637/p/bin/../lib/gcc/arm-none-eabi/12.2.1/../../../../arm-none-eabi/lib/thumb/v8-m.main+fp/hard/libnosys.a
END GROUP
START GROUP
LOAD /home/huynh/.silabs/slt/installs/conan/p/gcc-a442105b5c2637/p/bin/../lib/gcc/arm-none-eabi/12.2.1/thumb/v8-m.main+fp/hard/libgcc.a
LOAD /home/huynh/.silabs/slt/installs/conan/p/gcc-a442105b5c2637/p/bin/../lib/gcc/arm-none-eabi/12.2.1/../../../../arm-none-eabi/lib/thumb/v8-m.main+fp/hard/libc_nano.a
END GROUP
START GROUP
LOAD /home/huynh/.silabs/slt/installs/conan/p/gcc-a442105b5c2637/p/bin/../lib/gcc/arm-none-eabi/12.2.1/thumb/v8-m.main+fp/hard/libgcc.a
LOAD /home/huynh/.silabs/slt/installs/conan/p/gcc-a442105b5c2637/p/bin/../lib/gcc/arm-none-eabi/12.2.1/../../../../arm-none-eabi/lib/thumb/v8-m.main+fp/hard/libc_nano.a
END GROUP
LOAD /home/huynh/.silabs/slt/installs/conan/p/gcc-a442105b5c2637/p/bin/../lib/gcc/arm-none-eabi/12.2.1/thumb/v8-m.main+fp/hard/crtend.o
LOAD /home/huynh/.silabs/slt/installs/conan/p/gcc-a442105b5c2637/p/bin/../lib/gcc/arm-none-eabi/12.2.1/thumb/v8-m.main+fp/hard/crtn.o

.vectors        0x0000000008000000      0x1b4
                0x0000000008000000                linker_vectors_begin = .
 *(.vectors)
 .vectors       0x0000000008000000      0x1b4 CMakeFiles/slc.dir/base/home/huynh/SimplicityStudio/v6_workspace/empty_2/empty_3/simplicity_sdk_2025.12.3/devices/platform/Device/SiliconLabs/EFR32MG26/Source/startup_efr32mg26.c.obj
                0x0000000008000000                __Vectors
                0x00000000080001b4                linker_vectors_end = .
                0x00000000080001b4                __Vectors_End = .
                0x00000000080001b4                __Vectors_Size = (__Vectors_End - __Vectors)

.stack          0x0000000020000000     0x1000
                0x0000000020000000                . = ALIGN (0x8)
                0x0000000020000000                __StackLimit = .
 *(.stack*)
 .stack         0x0000000020000000     0x1000 CMakeFiles/slc.dir/base/home/huynh/SimplicityStudio/v6_workspace/empty_2/empty_3/simplicity_sdk_2025.12.3/platform_core/platform/service/memory_manager/src/sl_memory_manager_region.c.obj
                0x0000000020001000                . = ALIGN (0x4)
                0x0000000020001000                __StackTop = .
                0x0000000020001000                PROVIDE (__stack = __StackTop)

.bss            0x0000000020001000      0x738
                0x0000000020001000                . = ALIGN (0x4)
                0x0000000020001000                __bss_start__ = .
 *(SORT_BY_ALIGNMENT(.bss*))
 .bss.object.0  0x0000000020001000       0x18 /home/huynh/.silabs/slt/installs/conan/p/gcc-a442105b5c2637/p/bin/../lib/gcc/arm-none-eabi/12.2.1/thumb/v8-m.main+fp/hard/crtbegin.o
 .bss.gpio_interrupts
                0x0000000020001018       0xf0 CMakeFiles/slc.dir/base/home/huynh/SimplicityStudio/v6_workspace/empty_2/empty_3/simplicity_sdk_2025.12.3/platform_core/platform/driver/gpio/src/sl_gpio.c.obj
 .bss.i2c_handle_contexts
                0x0000000020001108       0x10 CMakeFiles/slc.dir/base/home/huynh/SimplicityStudio/v6_workspace/empty_2/empty_3/simplicity_sdk_2025.12.3/platform_core/platform/driver/i2c/src/sl_i2c.c.obj
 .bss.i2cDeviceHandle
                0x0000000020001118      0x240 CMakeFiles/slc.dir/base/home/huynh/SimplicityStudio/v6_workspace/empty_2/empty_3/simplicity_sdk_2025.12.3/platform_core/platform/driver/i2cspm/src/sl_i2cspm.c.obj
 .bss.dmaXfer   0x0000000020001358      0x100 CMakeFiles/slc.dir/base/home/huynh/SimplicityStudio/v6_workspace/empty_2/empty_3/simplicity_sdk_2025.12.3/platform_core/platform/emdrv/dmadrv/src/dmadrv.c.obj
 .bss.chTable   0x0000000020001458       0x80 CMakeFiles/slc.dir/base/home/huynh/SimplicityStudio/v6_workspace/empty_2/empty_3/simplicity_sdk_2025.12.3/platform_core/platform/emdrv/dmadrv/src/dmadrv.c.obj
 .bss.sli_iostream_default
                0x00000000200014d8        0x4 CMakeFiles/slc.dir/base/home/huynh/SimplicityStudio/v6_workspace/empty_2/empty_3/simplicity_sdk_2025.12.3/platform_core/platform/service/iostream/src/sl_iostream.c.obj
 .bss.max_millisecond_conversion
                0x00000000200014dc        0x4 CMakeFiles/slc.dir/base/home/huynh/SimplicityStudio/v6_workspace/empty_2/empty_3/simplicity_sdk_2025.12.3/platform_core/platform/service/sleeptimer/src/sl_sleeptimer.c.obj
 .bss.last_delta_update_count
                0x00000000200014e0        0x4 CMakeFiles/slc.dir/base/home/huynh/SimplicityStudio/v6_workspace/empty_2/empty_3/simplicity_sdk_2025.12.3/platform_core/platform/service/sleeptimer/src/sl_sleeptimer.c.obj
 .bss.timer_head
                0x00000000200014e4        0x4 CMakeFiles/slc.dir/base/home/huynh/SimplicityStudio/v6_workspace/empty_2/empty_3/simplicity_sdk_2025.12.3/platform_core/platform/service/sleeptimer/src/sl_sleeptimer.c.obj
 .bss.timer_frequency
                0x00000000200014e8        0x4 CMakeFiles/slc.dir/base/home/huynh/SimplicityStudio/v6_workspace/empty_2/empty_3/simplicity_sdk_2025.12.3/platform_core/platform/service/sleeptimer/src/sl_sleeptimer.c.obj
 .bss.overflow_counter
                0x00000000200014ec        0x4 CMakeFiles/slc.dir/base/home/huynh/SimplicityStudio/v6_workspace/empty_2/empty_3/simplicity_sdk_2025.12.3/platform_core/platform/service/sleeptimer/src/sl_sleeptimer.c.obj
 .bss.sl_iostream_recommended_console_stream
                0x00000000200014f0        0x4 CMakeFiles/slc.dir/base/home/huynh/SimplicityStudio/v6_workspace/empty_2/empty_3/autogen/sl_iostream_handles.c.obj
                0x00000000200014f0                sl_iostream_recommended_console_stream
 .bss.context_vcom
                0x00000000200014f4       0xb4 CMakeFiles/slc.dir/base/home/huynh/SimplicityStudio/v6_workspace/empty_2/empty_3/autogen/sl_iostream_init_usart_instances.c.obj
 .bss.sl_iostream_vcom
                0x00000000200015a8       0x1c CMakeFiles/slc.dir/base/home/huynh/SimplicityStudio/v6_workspace/empty_2/empty_3/autogen/sl_iostream_init_usart_instances.c.obj
 .bss.__sf      0x00000000200015c4      0x138 /home/huynh/.silabs/slt/installs/conan/p/gcc-a442105b5c2637/p/bin/../lib/gcc/arm-none-eabi/12.2.1/../../../../arm-none-eabi/lib/thumb/v8-m.main+fp/hard/libc_nano.a(libc_a-findfp.o)
                0x00000000200015c4                __sf
 .bss.__stdio_exit_handler
                0x00000000200016fc        0x4 /home/huynh/.silabs/slt/installs/conan/p/gcc-a442105b5c2637/p/bin/../lib/gcc/arm-none-eabi/12.2.1/../../../../arm-none-eabi/lib/thumb/v8-m.main+fp/hard/libc_nano.a(libc_a-findfp.o)
                0x00000000200016fc                __stdio_exit_handler
 .bss.errno     0x0000000020001700        0x4 /home/huynh/.silabs/slt/installs/conan/p/gcc-a442105b5c2637/p/bin/../lib/gcc/arm-none-eabi/12.2.1/../../../../arm-none-eabi/lib/thumb/v8-m.main+fp/hard/libc_nano.a(libc_a-reent.o)
                0x0000000020001700                errno
 .bss.__malloc_sbrk_start
                0x0000000020001704        0x4 /home/huynh/.silabs/slt/installs/conan/p/gcc-a442105b5c2637/p/bin/../lib/gcc/arm-none-eabi/12.2.1/../../../../arm-none-eabi/lib/thumb/v8-m.main+fp/hard/libc_nano.a(libc_a-mallocr.o)
                0x0000000020001704                __malloc_sbrk_start
 .bss.__malloc_free_list
                0x0000000020001708        0x4 /home/huynh/.silabs/slt/installs/conan/p/gcc-a442105b5c2637/p/bin/../lib/gcc/arm-none-eabi/12.2.1/../../../../arm-none-eabi/lib/thumb/v8-m.main+fp/hard/libc_nano.a(libc_a-mallocr.o)
                0x0000000020001708                __malloc_free_list
 .bss.completed.1
                0x000000002000170c        0x1 /home/huynh/.silabs/slt/installs/conan/p/gcc-a442105b5c2637/p/bin/../lib/gcc/arm-none-eabi/12.2.1/thumb/v8-m.main+fp/hard/crtbegin.o
 .bss.initialized
                0x000000002000170d        0x1 CMakeFiles/slc.dir/base/home/huynh/SimplicityStudio/v6_workspace/empty_2/empty_3/simplicity_sdk_2025.12.3/platform_core/platform/emdrv/dmadrv/src/dmadrv.c.obj
 .bss.pclkDiv   0x000000002000170e        0x1 CMakeFiles/slc.dir/base/home/huynh/SimplicityStudio/v6_workspace/empty_2/empty_3/simplicity_sdk_2025.12.3/platform_core/platform/emlib/src/em_cmu.c.obj
 .bss.vScaleEM01Config
                0x000000002000170f        0x1 CMakeFiles/slc.dir/base/home/huynh/SimplicityStudio/v6_workspace/empty_2/empty_3/simplicity_sdk_2025.12.3/platform_core/platform/emlib/src/em_emu.c.obj
 .bss.is_interrupt_manager_initialized
                0x0000000020001710        0x1 CMakeFiles/slc.dir/base/home/huynh/SimplicityStudio/v6_workspace/empty_2/empty_3/simplicity_sdk_2025.12.3/platform_core/platform/service/interrupt_manager/src/sl_interrupt_manager_cortexm.c.obj
 .bss.null_byte
                0x0000000020001711        0x1 CMakeFiles/slc.dir/base/home/huynh/SimplicityStudio/v6_workspace/empty_2/empty_3/simplicity_sdk_2025.12.3/platform_core/platform/service/iostream/src/sl_iostream_uart.c.obj
 .bss.sleep_on_isr_exit
                0x0000000020001712        0x1 CMakeFiles/slc.dir/base/home/huynh/SimplicityStudio/v6_workspace/empty_2/empty_3/simplicity_sdk_2025.12.3/platform_core/platform/service/sleeptimer/src/sl_sleeptimer.c.obj
 .bss.next_timer_to_expire_is_power_manager
                0x0000000020001713        0x1 CMakeFiles/slc.dir/base/home/huynh/SimplicityStudio/v6_workspace/empty_2/empty_3/simplicity_sdk_2025.12.3/platform_core/platform/service/sleeptimer/src/sl_sleeptimer.c.obj
 .bss.is_sleeptimer_initialized
                0x0000000020001714        0x1 CMakeFiles/slc.dir/base/home/huynh/SimplicityStudio/v6_workspace/empty_2/empty_3/simplicity_sdk_2025.12.3/platform_core/platform/service/sleeptimer/src/sl_sleeptimer.c.obj
 .bss.rx_buffer_vcom
                0x0000000020001715       0x20 CMakeFiles/slc.dir/base/home/huynh/SimplicityStudio/v6_workspace/empty_2/empty_3/autogen/sl_iostream_init_usart_instances.c.obj
 .bss.__lock___malloc_recursive_mutex
                0x0000000020001735        0x1 /home/huynh/.silabs/slt/installs/conan/p/gcc-a442105b5c2637/p/bin/../lib/gcc/arm-none-eabi/12.2.1/../../../../arm-none-eabi/lib/thumb/v8-m.main+fp/hard/libc_nano.a(libc_a-lock.o)
                0x0000000020001735                __lock___malloc_recursive_mutex
 .bss.__lock___sfp_recursive_mutex
                0x0000000020001736        0x1 /home/huynh/.silabs/slt/installs/conan/p/gcc-a442105b5c2637/p/bin/../lib/gcc/arm-none-eabi/12.2.1/../../../../arm-none-eabi/lib/thumb/v8-m.main+fp/hard/libc_nano.a(libc_a-lock.o)
                0x0000000020001736                __lock___sfp_recursive_mutex
 *(COMMON)
                0x0000000020001738                . = ALIGN (0x4)
 *fill*         0x0000000020001737        0x1 
                0x0000000020001738                __bss_end__ = .

.noinit
 *(.noinit*)

text_application_ram
                0x0000000020001738        0x0 load address 0x00000000080001b4
                0x0000000020001738                . = ALIGN (0x4)
                0x0000000020001738                __vma_ramfuncs_start__ = .
 *(text_application_ram)
                0x0000000020001738                . = ALIGN (0x4)
                0x0000000020001738                __vma_ramfuncs_end__ = .
                0x00000000080001b4                __lma_ramfuncs_start__ = LOADADDR (text_application_ram)
                0x00000000080001b4                __lma_ramfuncs_end__ = (LOADADDR (text_application_ram) + SIZEOF (text_application_ram))

.rodata

.text           0x00000000080001c0     0x91f0
                0x00000000080001c0                linker_code_begin = .
 *(SORT_BY_ALIGNMENT(.text*))
 .text          0x00000000080001c0        0x8 CMakeFiles/slc.dir/base/home/huynh/SimplicityStudio/v6_workspace/empty_2/empty_3/simplicity_sdk_2025.12.3/platform_core/platform/service/udelay/src/sl_udelay_armv6m_gcc.S.obj
                0x00000000080001c0                sli_delay_loop
 .text._etoa    0x00000000080001c8      0x374 CMakeFiles/slc.dir/base/home/huynh/SimplicityStudio/v6_workspace/empty_2/empty_3/simplicity_sdk_2025.12.3/printf/printf.c.obj
 *fill*         0x000000000800053c        0x4 
 .text._ftoa    0x0000000008000540      0x30c CMakeFiles/slc.dir/base/home/huynh/SimplicityStudio/v6_workspace/empty_2/empty_3/simplicity_sdk_2025.12.3/printf/printf.c.obj
 .text.deregister_tm_clones
                0x000000000800084c       0x1c /home/huynh/.silabs/slt/installs/conan/p/gcc-a442105b5c2637/p/bin/../lib/gcc/arm-none-eabi/12.2.1/thumb/v8-m.main+fp/hard/crtbegin.o
 .text.register_tm_clones
                0x0000000008000868       0x28 /home/huynh/.silabs/slt/installs/conan/p/gcc-a442105b5c2637/p/bin/../lib/gcc/arm-none-eabi/12.2.1/thumb/v8-m.main+fp/hard/crtbegin.o
 .text.__do_global_dtors_aux
                0x0000000008000890       0x28 /home/huynh/.silabs/slt/installs/conan/p/gcc-a442105b5c2637/p/bin/../lib/gcc/arm-none-eabi/12.2.1/thumb/v8-m.main+fp/hard/crtbegin.o
 .text.frame_dummy
                0x00000000080008b8       0x24 /home/huynh/.silabs/slt/installs/conan/p/gcc-a442105b5c2637/p/bin/../lib/gcc/arm-none-eabi/12.2.1/thumb/v8-m.main+fp/hard/crtbegin.o
 .text          0x00000000080008dc       0x7c /home/huynh/.silabs/slt/installs/conan/p/gcc-a442105b5c2637/p/bin/../lib/gcc/arm-none-eabi/12.2.1/../../../../arm-none-eabi/lib/thumb/v8-m.main+fp/hard/crt0.o
                0x00000000080008dc                _stack_init
                0x00000000080008e4                _mainCRTStartup
                0x00000000080008e4                _start
 .text.sl_board_init
                0x0000000008000958       0x14 CMakeFiles/slc.dir/base/home/huynh/SimplicityStudio/v6_workspace/empty_2/empty_3/simplicity_sdk_2025.12.3/boards/hardware/board/src/sl_board_init.c.obj
                0x0000000008000958                sl_board_init
 .text.sl_board_preinit
                0x000000000800096c        0xc CMakeFiles/slc.dir/base/home/huynh/SimplicityStudio/v6_workspace/empty_2/empty_3/simplicity_sdk_2025.12.3/boards/hardware/board/src/sl_board_init.c.obj
                0x000000000800096c                sl_board_preinit
 .text.CopyToRam
                0x0000000008000978       0x1c CMakeFiles/slc.dir/base/home/huynh/SimplicityStudio/v6_workspace/empty_2/empty_3/simplicity_sdk_2025.12.3/devices/platform/Device/SiliconLabs/EFR32MG26/Source/startup_efr32mg26.c.obj
                0x0000000008000978                CopyToRam
 .text.Reset_Handler
                0x0000000008000994       0x6c CMakeFiles/slc.dir/base/home/huynh/SimplicityStudio/v6_workspace/empty_2/empty_3/simplicity_sdk_2025.12.3/devices/platform/Device/SiliconLabs/EFR32MG26/Source/startup_efr32mg26.c.obj
                0x0000000008000994                Reset_Handler
 .text.SystemInit
                0x0000000008000a00       0x68 CMakeFiles/slc.dir/base/home/huynh/SimplicityStudio/v6_workspace/empty_2/empty_3/simplicity_sdk_2025.12.3/devices/platform/Device/SiliconLabs/EFR32MG26/Source/system_efr32mg26.c.obj
                0x0000000008000a00                SystemInit
 .text.SystemHFRCODPLLClockSet
                0x0000000008000a68        0xc CMakeFiles/slc.dir/base/home/huynh/SimplicityStudio/v6_workspace/empty_2/empty_3/simplicity_sdk_2025.12.3/devices/platform/Device/SiliconLabs/EFR32MG26/Source/system_efr32mg26.c.obj
                0x0000000008000a68                SystemHFRCODPLLClockSet
 .text.SystemHFXOClockSet
                0x0000000008000a74       0x20 CMakeFiles/slc.dir/base/home/huynh/SimplicityStudio/v6_workspace/empty_2/empty_3/simplicity_sdk_2025.12.3/devices/platform/Device/SiliconLabs/EFR32MG26/Source/system_efr32mg26.c.obj
                0x0000000008000a74                SystemHFXOClockSet
 .text.sl_slist_push_back
                0x0000000008000a94       0x24 CMakeFiles/slc.dir/base/home/huynh/SimplicityStudio/v6_workspace/empty_2/empty_3/simplicity_sdk_2025.12.3/platform_common/platform/common/src/sl_slist.c.obj
                0x0000000008000a94                sl_slist_push_back
 .text.sl_slist_pop
                0x0000000008000ab8       0x20 CMakeFiles/slc.dir/base/home/huynh/SimplicityStudio/v6_workspace/empty_2/empty_3/simplicity_sdk_2025.12.3/platform_common/platform/common/src/sl_slist.c.obj
                0x0000000008000ab8                sl_slist_pop
 .text.sl_debug_swo_init
                0x0000000008000ad8       0xcc CMakeFiles/slc.dir/base/home/huynh/SimplicityStudio/v6_workspace/empty_2/empty_3/simplicity_sdk_2025.12.3/platform_core/platform/driver/debug/src/sl_debug_swo.c.obj
                0x0000000008000ad8                sl_debug_swo_init
 .text.sl_debug_swo_write_u8
                0x0000000008000ba4       0x44 CMakeFiles/slc.dir/base/home/huynh/SimplicityStudio/v6_workspace/empty_2/empty_3/simplicity_sdk_2025.12.3/platform_core/platform/driver/debug/src/sl_debug_swo.c.obj
                0x0000000008000ba4                sl_debug_swo_write_u8
 .text.sl_gpio_dispatch_interrupt
                0x0000000008000be8       0x54 CMakeFiles/slc.dir/base/home/huynh/SimplicityStudio/v6_workspace/empty_2/empty_3/simplicity_sdk_2025.12.3/platform_core/platform/driver/gpio/src/sl_gpio.c.obj
 .text.sl_gpio_init
                0x0000000008000c3c       0x38 CMakeFiles/slc.dir/base/home/huynh/SimplicityStudio/v6_workspace/empty_2/empty_3/simplicity_sdk_2025.12.3/platform_core/platform/driver/gpio/src/sl_gpio.c.obj
                0x0000000008000c3c                sl_gpio_init
 .text.sl_gpio_set_pin_mode
                0x0000000008000c74       0x6c CMakeFiles/slc.dir/base/home/huynh/SimplicityStudio/v6_workspace/empty_2/empty_3/simplicity_sdk_2025.12.3/platform_core/platform/driver/gpio/src/sl_gpio.c.obj
                0x0000000008000c74                sl_gpio_set_pin_mode
 .text.GPIO_EVEN_IRQHandler
                0x0000000008000ce0       0x20 CMakeFiles/slc.dir/base/home/huynh/SimplicityStudio/v6_workspace/empty_2/empty_3/simplicity_sdk_2025.12.3/platform_core/platform/driver/gpio/src/sl_gpio.c.obj
                0x0000000008000ce0                GPIO_EVEN_IRQHandler
 .text.GPIO_ODD_IRQHandler
                0x0000000008000d00       0x20 CMakeFiles/slc.dir/base/home/huynh/SimplicityStudio/v6_workspace/empty_2/empty_3/simplicity_sdk_2025.12.3/platform_core/platform/driver/gpio/src/sl_gpio.c.obj
                0x0000000008000d00                GPIO_ODD_IRQHandler
 .text.i2c_setup_blocking_transfer_interrupts.isra.0
                0x0000000008000d20       0x74 CMakeFiles/slc.dir/base/home/huynh/SimplicityStudio/v6_workspace/empty_2/empty_3/simplicity_sdk_2025.12.3/platform_core/platform/driver/i2c/src/sl_i2c.c.obj
 .text.sl_hal_i2c_send_nack.isra.0
                0x0000000008000d94       0x40 CMakeFiles/slc.dir/base/home/huynh/SimplicityStudio/v6_workspace/empty_2/empty_3/simplicity_sdk_2025.12.3/platform_core/platform/driver/i2c/src/sl_i2c.c.obj
 .text.sl_hal_i2c_send_ack.isra.0
                0x0000000008000dd4       0x40 CMakeFiles/slc.dir/base/home/huynh/SimplicityStudio/v6_workspace/empty_2/empty_3/simplicity_sdk_2025.12.3/platform_core/platform/driver/i2c/src/sl_i2c.c.obj
 .text.i2c_leader_mode_blocking_state_machine
                0x0000000008000e14      0x22c CMakeFiles/slc.dir/base/home/huynh/SimplicityStudio/v6_workspace/empty_2/empty_3/simplicity_sdk_2025.12.3/platform_core/platform/driver/i2c/src/sl_i2c.c.obj
 .text.sli_i2c_init_core
                0x0000000008001040       0xc8 CMakeFiles/slc.dir/base/home/huynh/SimplicityStudio/v6_workspace/empty_2/empty_3/simplicity_sdk_2025.12.3/platform_core/platform/driver/i2c/src/sl_i2c.c.obj
                0x0000000008001040                sli_i2c_init_core
 .text.sl_i2c_init
                0x0000000008001108      0x14c CMakeFiles/slc.dir/base/home/huynh/SimplicityStudio/v6_workspace/empty_2/empty_3/simplicity_sdk_2025.12.3/platform_core/platform/driver/i2c/src/sl_i2c.c.obj
                0x0000000008001108                sl_i2c_init
 .text.sli_i2c_leader_dispatch_interrupt
                0x0000000008001254      0x144 CMakeFiles/slc.dir/base/home/huynh/SimplicityStudio/v6_workspace/empty_2/empty_3/simplicity_sdk_2025.12.3/platform_core/platform/driver/i2c/src/sl_i2c.c.obj
                0x0000000008001254                sli_i2c_leader_dispatch_interrupt
 .text.sli_i2c_follower_dispatch_interrupt
                0x0000000008001398      0x154 CMakeFiles/slc.dir/base/home/huynh/SimplicityStudio/v6_workspace/empty_2/empty_3/simplicity_sdk_2025.12.3/platform_core/platform/driver/i2c/src/sl_i2c.c.obj
                0x0000000008001398                sli_i2c_follower_dispatch_interrupt
 .text.i2c_common_irq_handler
                0x00000000080014ec       0x5c CMakeFiles/slc.dir/base/home/huynh/SimplicityStudio/v6_workspace/empty_2/empty_3/simplicity_sdk_2025.12.3/platform_core/platform/driver/i2c/src/sl_i2c.c.obj
 .text.sli_i2c_leader_write_no_stop_blocking
                0x0000000008001548      0x1d0 CMakeFiles/slc.dir/base/home/huynh/SimplicityStudio/v6_workspace/empty_2/empty_3/simplicity_sdk_2025.12.3/platform_core/platform/driver/i2c/src/sl_i2c.c.obj
                0x0000000008001548                sli_i2c_leader_write_no_stop_blocking
 .text.I2CSPM_Init
                0x0000000008001718       0xf8 CMakeFiles/slc.dir/base/home/huynh/SimplicityStudio/v6_workspace/empty_2/empty_3/simplicity_sdk_2025.12.3/platform_core/platform/driver/i2cspm/src/sl_i2cspm.c.obj
                0x0000000008001718                I2CSPM_Init
 .text.I2CSPM_Transfer
                0x0000000008001810      0x11c CMakeFiles/slc.dir/base/home/huynh/SimplicityStudio/v6_workspace/empty_2/empty_3/simplicity_sdk_2025.12.3/platform_core/platform/driver/i2cspm/src/sl_i2cspm.c.obj
                0x0000000008001810                I2CSPM_Transfer
 .text.StartTransfer
                0x000000000800192c      0x17c CMakeFiles/slc.dir/base/home/huynh/SimplicityStudio/v6_workspace/empty_2/empty_3/simplicity_sdk_2025.12.3/platform_core/platform/emdrv/dmadrv/src/dmadrv.c.obj
 .text.DMADRV_AllocateChannel
                0x0000000008001aa8       0x60 CMakeFiles/slc.dir/base/home/huynh/SimplicityStudio/v6_workspace/empty_2/empty_3/simplicity_sdk_2025.12.3/platform_core/platform/emdrv/dmadrv/src/dmadrv.c.obj
                0x0000000008001aa8                DMADRV_AllocateChannel
 .text.DMADRV_DeInit
                0x0000000008001b08       0x44 CMakeFiles/slc.dir/base/home/huynh/SimplicityStudio/v6_workspace/empty_2/empty_3/simplicity_sdk_2025.12.3/platform_core/platform/emdrv/dmadrv/src/dmadrv.c.obj
                0x0000000008001b08                DMADRV_DeInit
 .text.DMADRV_FreeChannel
                0x0000000008001b4c       0x4c CMakeFiles/slc.dir/base/home/huynh/SimplicityStudio/v6_workspace/empty_2/empty_3/simplicity_sdk_2025.12.3/platform_core/platform/emdrv/dmadrv/src/dmadrv.c.obj
                0x0000000008001b4c                DMADRV_FreeChannel
 .text.DMADRV_Init
                0x0000000008001b98       0x68 CMakeFiles/slc.dir/base/home/huynh/SimplicityStudio/v6_workspace/empty_2/empty_3/simplicity_sdk_2025.12.3/platform_core/platform/emdrv/dmadrv/src/dmadrv.c.obj
                0x0000000008001b98                DMADRV_Init
 .text.DMADRV_LdmaStartTransfer
                0x0000000008001c00       0x4c CMakeFiles/slc.dir/base/home/huynh/SimplicityStudio/v6_workspace/empty_2/empty_3/simplicity_sdk_2025.12.3/platform_core/platform/emdrv/dmadrv/src/dmadrv.c.obj
                0x0000000008001c00                DMADRV_LdmaStartTransfer
 .text.DMADRV_PauseTransfer
                0x0000000008001c4c       0x40 CMakeFiles/slc.dir/base/home/huynh/SimplicityStudio/v6_workspace/empty_2/empty_3/simplicity_sdk_2025.12.3/platform_core/platform/emdrv/dmadrv/src/dmadrv.c.obj
                0x0000000008001c4c                DMADRV_PauseTransfer
 .text.DMADRV_ResumeTransfer
                0x0000000008001c8c       0x40 CMakeFiles/slc.dir/base/home/huynh/SimplicityStudio/v6_workspace/empty_2/empty_3/simplicity_sdk_2025.12.3/platform_core/platform/emdrv/dmadrv/src/dmadrv.c.obj
                0x0000000008001c8c                DMADRV_ResumeTransfer
 .text.LDMA_IRQHandler
                0x0000000008001ccc       0x74 CMakeFiles/slc.dir/base/home/huynh/SimplicityStudio/v6_workspace/empty_2/empty_3/simplicity_sdk_2025.12.3/platform_core/platform/emdrv/dmadrv/src/dmadrv.c.obj
                0x0000000008001ccc                LDMA_IRQHandler
 .text.EMU_VScaleGet
                0x0000000008001d40       0x18 CMakeFiles/slc.dir/base/home/huynh/SimplicityStudio/v6_workspace/empty_2/empty_3/simplicity_sdk_2025.12.3/platform_core/platform/emlib/src/em_cmu.c.obj
 .text.dpllRefClkGet
                0x0000000008001d58       0x48 CMakeFiles/slc.dir/base/home/huynh/SimplicityStudio/v6_workspace/empty_2/empty_3/simplicity_sdk_2025.12.3/platform_core/platform/emlib/src/em_cmu.c.obj
 .text.em23GrpaClkGet
                0x0000000008001da0       0x48 CMakeFiles/slc.dir/base/home/huynh/SimplicityStudio/v6_workspace/empty_2/empty_3/simplicity_sdk_2025.12.3/platform_core/platform/emlib/src/em_cmu.c.obj
 .text.em4GrpaClkGet
                0x0000000008001de8       0x48 CMakeFiles/slc.dir/base/home/huynh/SimplicityStudio/v6_workspace/empty_2/empty_3/simplicity_sdk_2025.12.3/platform_core/platform/emlib/src/em_cmu.c.obj
 .text.sysrtcClkGet
                0x0000000008001e30       0x48 CMakeFiles/slc.dir/base/home/huynh/SimplicityStudio/v6_workspace/empty_2/empty_3/simplicity_sdk_2025.12.3/platform_core/platform/emlib/src/em_cmu.c.obj
 .text.traceClkGet
                0x0000000008001e78       0x54 CMakeFiles/slc.dir/base/home/huynh/SimplicityStudio/v6_workspace/empty_2/empty_3/simplicity_sdk_2025.12.3/platform_core/platform/emlib/src/em_cmu.c.obj
 .text.em01GrpaClkGet
                0x0000000008001ecc       0x74 CMakeFiles/slc.dir/base/home/huynh/SimplicityStudio/v6_workspace/empty_2/empty_3/simplicity_sdk_2025.12.3/platform_core/platform/emlib/src/em_cmu.c.obj
 .text.em01GrpcClkGet
                0x0000000008001f40       0x70 CMakeFiles/slc.dir/base/home/huynh/SimplicityStudio/v6_workspace/empty_2/empty_3/simplicity_sdk_2025.12.3/platform_core/platform/emlib/src/em_cmu.c.obj
 .text.eusart0ClkGet
                0x0000000008001fb0       0x74 CMakeFiles/slc.dir/base/home/huynh/SimplicityStudio/v6_workspace/empty_2/empty_3/simplicity_sdk_2025.12.3/platform_core/platform/emlib/src/em_cmu.c.obj
 .text.iadcClkGet
                0x0000000008002024       0x60 CMakeFiles/slc.dir/base/home/huynh/SimplicityStudio/v6_workspace/empty_2/empty_3/simplicity_sdk_2025.12.3/platform_core/platform/emlib/src/em_cmu.c.obj
 .text.wdog0ClkGet
                0x0000000008002084       0x64 CMakeFiles/slc.dir/base/home/huynh/SimplicityStudio/v6_workspace/empty_2/empty_3/simplicity_sdk_2025.12.3/platform_core/platform/emlib/src/em_cmu.c.obj
 .text.wdog1ClkGet
                0x00000000080020e8       0x64 CMakeFiles/slc.dir/base/home/huynh/SimplicityStudio/v6_workspace/empty_2/empty_3/simplicity_sdk_2025.12.3/platform_core/platform/emlib/src/em_cmu.c.obj
 .text.lcdClkGet
                0x000000000800214c       0x54 CMakeFiles/slc.dir/base/home/huynh/SimplicityStudio/v6_workspace/empty_2/empty_3/simplicity_sdk_2025.12.3/platform_core/platform/emlib/src/em_cmu.c.obj
 .text.vdac0ClkGet
                0x00000000080021a0       0x70 CMakeFiles/slc.dir/base/home/huynh/SimplicityStudio/v6_workspace/empty_2/empty_3/simplicity_sdk_2025.12.3/platform_core/platform/emlib/src/em_cmu.c.obj
 .text.vdac1ClkGet
                0x0000000008002210       0x70 CMakeFiles/slc.dir/base/home/huynh/SimplicityStudio/v6_workspace/empty_2/empty_3/simplicity_sdk_2025.12.3/platform_core/platform/emlib/src/em_cmu.c.obj
 .text.pcnt0ClkGet
                0x0000000008002280       0x4c CMakeFiles/slc.dir/base/home/huynh/SimplicityStudio/v6_workspace/empty_2/empty_3/simplicity_sdk_2025.12.3/platform_core/platform/emlib/src/em_cmu.c.obj
 .text.HFRCODPLLDevinfoGet
                0x00000000080022cc      0x108 CMakeFiles/slc.dir/base/home/huynh/SimplicityStudio/v6_workspace/empty_2/empty_3/simplicity_sdk_2025.12.3/platform_core/platform/emlib/src/em_cmu.c.obj
 .text.CMU_ClockDivGet
                0x00000000080023d4       0x78 CMakeFiles/slc.dir/base/home/huynh/SimplicityStudio/v6_workspace/empty_2/empty_3/simplicity_sdk_2025.12.3/platform_core/platform/emlib/src/em_cmu.c.obj
                0x00000000080023d4                CMU_ClockDivGet
 .text.flashWaitStateControl
                0x000000000800244c       0x58 CMakeFiles/slc.dir/base/home/huynh/SimplicityStudio/v6_workspace/empty_2/empty_3/simplicity_sdk_2025.12.3/platform_core/platform/emlib/src/em_cmu.c.obj
 .text.CMU_ClockEnable
                0x00000000080024a4       0x4c CMakeFiles/slc.dir/base/home/huynh/SimplicityStudio/v6_workspace/empty_2/empty_3/simplicity_sdk_2025.12.3/platform_core/platform/emlib/src/em_cmu.c.obj
                0x00000000080024a4                CMU_ClockEnable
 .text.CMU_ClockFreqGet
                0x00000000080024f0      0x288 CMakeFiles/slc.dir/base/home/huynh/SimplicityStudio/v6_workspace/empty_2/empty_3/simplicity_sdk_2025.12.3/platform_core/platform/emlib/src/em_cmu.c.obj
                0x00000000080024f0                CMU_ClockFreqGet
 .text.rhclkPrescOptimize
                0x0000000008002778       0x20 CMakeFiles/slc.dir/base/home/huynh/SimplicityStudio/v6_workspace/empty_2/empty_3/simplicity_sdk_2025.12.3/platform_core/platform/emlib/src/em_cmu.c.obj
 .text.CMU_ClockSelectGet
                0x0000000008002798      0x27c CMakeFiles/slc.dir/base/home/huynh/SimplicityStudio/v6_workspace/empty_2/empty_3/simplicity_sdk_2025.12.3/platform_core/platform/emlib/src/em_cmu.c.obj
                0x0000000008002798                CMU_ClockSelectGet
 .text.sli_em_cmu_SYSTICEXTCLKENClear
                0x0000000008002a14       0x30 CMakeFiles/slc.dir/base/home/huynh/SimplicityStudio/v6_workspace/empty_2/empty_3/simplicity_sdk_2025.12.3/platform_core/platform/emlib/src/em_cmu.c.obj
                0x0000000008002a14                sli_em_cmu_SYSTICEXTCLKENClear
 .text.CMU_HFXOInit
                0x0000000008002a44      0x224 CMakeFiles/slc.dir/base/home/huynh/SimplicityStudio/v6_workspace/empty_2/empty_3/simplicity_sdk_2025.12.3/platform_core/platform/emlib/src/em_cmu.c.obj
                0x0000000008002a44                CMU_HFXOInit
 .text.CMU_HFXOCTuneDeltaGet
                0x0000000008002c68        0xc CMakeFiles/slc.dir/base/home/huynh/SimplicityStudio/v6_workspace/empty_2/empty_3/simplicity_sdk_2025.12.3/platform_core/platform/emlib/src/em_cmu.c.obj
                0x0000000008002c68                CMU_HFXOCTuneDeltaGet
 .text.CMU_LFXOInit
                0x0000000008002c74       0xc4 CMakeFiles/slc.dir/base/home/huynh/SimplicityStudio/v6_workspace/empty_2/empty_3/simplicity_sdk_2025.12.3/platform_core/platform/emlib/src/em_cmu.c.obj
                0x0000000008002c74                CMU_LFXOInit
 .text.CMU_LFXOPrecisionSet
                0x0000000008002d38        0xc CMakeFiles/slc.dir/base/home/huynh/SimplicityStudio/v6_workspace/empty_2/empty_3/simplicity_sdk_2025.12.3/platform_core/platform/emlib/src/em_cmu.c.obj
                0x0000000008002d38                CMU_LFXOPrecisionSet
 .text.CMU_HFXOPrecisionSet
                0x0000000008002d44        0xc CMakeFiles/slc.dir/base/home/huynh/SimplicityStudio/v6_workspace/empty_2/empty_3/simplicity_sdk_2025.12.3/platform_core/platform/emlib/src/em_cmu.c.obj
                0x0000000008002d44                CMU_HFXOPrecisionSet
 .text.CMU_LFRCOSetPrecision
                0x0000000008002d50       0x80 CMakeFiles/slc.dir/base/home/huynh/SimplicityStudio/v6_workspace/empty_2/empty_3/simplicity_sdk_2025.12.3/platform_core/platform/emlib/src/em_cmu.c.obj
                0x0000000008002d50                CMU_LFRCOSetPrecision
 .text.CMU_ClockDivSet
                0x0000000008002dd0      0x12c CMakeFiles/slc.dir/base/home/huynh/SimplicityStudio/v6_workspace/empty_2/empty_3/simplicity_sdk_2025.12.3/platform_core/platform/emlib/src/em_cmu.c.obj
                0x0000000008002dd0                CMU_ClockDivSet
 .text.sli_em_cmu_SYSCLKInitPreClockSelect
                0x0000000008002efc       0x30 CMakeFiles/slc.dir/base/home/huynh/SimplicityStudio/v6_workspace/empty_2/empty_3/simplicity_sdk_2025.12.3/platform_core/platform/emlib/src/em_cmu.c.obj
                0x0000000008002efc                sli_em_cmu_SYSCLKInitPreClockSelect
 .text.pclkDivOptimize
                0x0000000008002f2c       0x24 CMakeFiles/slc.dir/base/home/huynh/SimplicityStudio/v6_workspace/empty_2/empty_3/simplicity_sdk_2025.12.3/platform_core/platform/emlib/src/em_cmu.c.obj
 .text.sli_em_cmu_SYSCLKInitPostClockSelect
                0x0000000008002f50       0x40 CMakeFiles/slc.dir/base/home/huynh/SimplicityStudio/v6_workspace/empty_2/empty_3/simplicity_sdk_2025.12.3/platform_core/platform/emlib/src/em_cmu.c.obj
                0x0000000008002f50                sli_em_cmu_SYSCLKInitPostClockSelect
 .text.CMU_HFRCODPLLBandSet
                0x0000000008002f90      0x11c CMakeFiles/slc.dir/base/home/huynh/SimplicityStudio/v6_workspace/empty_2/empty_3/simplicity_sdk_2025.12.3/platform_core/platform/emlib/src/em_cmu.c.obj
                0x0000000008002f90                CMU_HFRCODPLLBandSet
 .text.CMU_HFRCOEM23BandSet
                0x00000000080030ac      0x1a8 CMakeFiles/slc.dir/base/home/huynh/SimplicityStudio/v6_workspace/empty_2/empty_3/simplicity_sdk_2025.12.3/platform_core/platform/emlib/src/em_cmu.c.obj
                0x00000000080030ac                CMU_HFRCOEM23BandSet
 .text.EMU_DCDCSync
                0x0000000008003254       0x10 CMakeFiles/slc.dir/base/home/huynh/SimplicityStudio/v6_workspace/empty_2/empty_3/simplicity_sdk_2025.12.3/platform_core/platform/emlib/src/em_emu.c.obj
 .text.EMU_EM4Init
                0x0000000008003264       0x14 CMakeFiles/slc.dir/base/home/huynh/SimplicityStudio/v6_workspace/empty_2/empty_3/simplicity_sdk_2025.12.3/platform_core/platform/emlib/src/em_emu.c.obj
                0x0000000008003264                EMU_EM4Init
 .text.EMU_VScaleEM01
                0x0000000008003278       0xa8 CMakeFiles/slc.dir/base/home/huynh/SimplicityStudio/v6_workspace/empty_2/empty_3/simplicity_sdk_2025.12.3/platform_core/platform/emlib/src/em_emu.c.obj
                0x0000000008003278                EMU_VScaleEM01
 .text.EMU_VScaleEM01ByClock
                0x0000000008003320       0x30 CMakeFiles/slc.dir/base/home/huynh/SimplicityStudio/v6_workspace/empty_2/empty_3/simplicity_sdk_2025.12.3/platform_core/platform/emlib/src/em_emu.c.obj
                0x0000000008003320                EMU_VScaleEM01ByClock
 .text.EMU_DCDCModeSet
                0x0000000008003350       0xac CMakeFiles/slc.dir/base/home/huynh/SimplicityStudio/v6_workspace/empty_2/empty_3/simplicity_sdk_2025.12.3/platform_core/platform/emlib/src/em_emu.c.obj
                0x0000000008003350                EMU_DCDCModeSet
 .text.EMU_DCDCInit
                0x00000000080033fc       0x70 CMakeFiles/slc.dir/base/home/huynh/SimplicityStudio/v6_workspace/empty_2/empty_3/simplicity_sdk_2025.12.3/platform_core/platform/emlib/src/em_emu.c.obj
                0x00000000080033fc                EMU_DCDCInit
 .text.EMU_DCDCSetPFMXModePeakCurrent
                0x000000000800346c       0x6c CMakeFiles/slc.dir/base/home/huynh/SimplicityStudio/v6_workspace/empty_2/empty_3/simplicity_sdk_2025.12.3/platform_core/platform/emlib/src/em_emu.c.obj
                0x000000000800346c                EMU_DCDCSetPFMXModePeakCurrent
 .text.GPIO_PinOutSet
                0x00000000080034d8       0x3c CMakeFiles/slc.dir/base/home/huynh/SimplicityStudio/v6_workspace/empty_2/empty_3/simplicity_sdk_2025.12.3/platform_core/platform/emlib/src/em_gpio.c.obj
 .text.GPIO_PinOutClear
                0x0000000008003514       0x3c CMakeFiles/slc.dir/base/home/huynh/SimplicityStudio/v6_workspace/empty_2/empty_3/simplicity_sdk_2025.12.3/platform_core/platform/emlib/src/em_gpio.c.obj
 .text.GPIO_PinModeSet
                0x0000000008003550       0x94 CMakeFiles/slc.dir/base/home/huynh/SimplicityStudio/v6_workspace/empty_2/empty_3/simplicity_sdk_2025.12.3/platform_core/platform/emlib/src/em_gpio.c.obj
                0x0000000008003550                GPIO_PinModeSet
 .text.LDMA_DeInit
                0x00000000080035e4       0x2c CMakeFiles/slc.dir/base/home/huynh/SimplicityStudio/v6_workspace/empty_2/empty_3/simplicity_sdk_2025.12.3/platform_core/platform/emlib/src/em_ldma.c.obj
                0x00000000080035e4                LDMA_DeInit
 .text.LDMA_EnableChannelRequest
                0x0000000008003610       0x40 CMakeFiles/slc.dir/base/home/huynh/SimplicityStudio/v6_workspace/empty_2/empty_3/simplicity_sdk_2025.12.3/platform_core/platform/emlib/src/em_ldma.c.obj
                0x0000000008003610                LDMA_EnableChannelRequest
 .text.LDMA_Init
                0x0000000008003650       0x90 CMakeFiles/slc.dir/base/home/huynh/SimplicityStudio/v6_workspace/empty_2/empty_3/simplicity_sdk_2025.12.3/platform_core/platform/emlib/src/em_ldma.c.obj
                0x0000000008003650                LDMA_Init
 .text.LDMA_StartTransfer
                0x00000000080036e0       0xf8 CMakeFiles/slc.dir/base/home/huynh/SimplicityStudio/v6_workspace/empty_2/empty_3/simplicity_sdk_2025.12.3/platform_core/platform/emlib/src/em_ldma.c.obj
                0x00000000080036e0                LDMA_StartTransfer
 .text.LDMA_StopTransfer
                0x00000000080037d8       0x38 CMakeFiles/slc.dir/base/home/huynh/SimplicityStudio/v6_workspace/empty_2/empty_3/simplicity_sdk_2025.12.3/platform_core/platform/emlib/src/em_ldma.c.obj
                0x00000000080037d8                LDMA_StopTransfer
 .text.LDMA_TransferDone
                0x0000000008003810       0x44 CMakeFiles/slc.dir/base/home/huynh/SimplicityStudio/v6_workspace/empty_2/empty_3/simplicity_sdk_2025.12.3/platform_core/platform/emlib/src/em_ldma.c.obj
                0x0000000008003810                LDMA_TransferDone
 .text.LDMA_TransferRemainingCount
                0x0000000008003854       0x44 CMakeFiles/slc.dir/base/home/huynh/SimplicityStudio/v6_workspace/empty_2/empty_3/simplicity_sdk_2025.12.3/platform_core/platform/emlib/src/em_ldma.c.obj
                0x0000000008003854                LDMA_TransferRemainingCount
 .text.prsRxInput
                0x0000000008003898       0x44 CMakeFiles/slc.dir/base/home/huynh/SimplicityStudio/v6_workspace/empty_2/empty_3/simplicity_sdk_2025.12.3/platform_core/platform/emlib/src/em_usart.c.obj
 .text.USART_BaudrateAsyncSet
                0x00000000080038dc       0xe0 CMakeFiles/slc.dir/base/home/huynh/SimplicityStudio/v6_workspace/empty_2/empty_3/simplicity_sdk_2025.12.3/platform_core/platform/emlib/src/em_usart.c.obj
                0x00000000080038dc                USART_BaudrateAsyncSet
 .text.USART_Enable
                0x00000000080039bc       0x4c CMakeFiles/slc.dir/base/home/huynh/SimplicityStudio/v6_workspace/empty_2/empty_3/simplicity_sdk_2025.12.3/platform_core/platform/emlib/src/em_usart.c.obj
                0x00000000080039bc                USART_Enable
 .text.USART_Reset
                0x0000000008003a08       0x80 CMakeFiles/slc.dir/base/home/huynh/SimplicityStudio/v6_workspace/empty_2/empty_3/simplicity_sdk_2025.12.3/platform_core/platform/emlib/src/em_usart.c.obj
                0x0000000008003a08                USART_Reset
 .text.USART_InitAsync
                0x0000000008003a88      0x11c CMakeFiles/slc.dir/base/home/huynh/SimplicityStudio/v6_workspace/empty_2/empty_3/simplicity_sdk_2025.12.3/platform_core/platform/emlib/src/em_usart.c.obj
                0x0000000008003a88                USART_InitAsync
 .text.sl_hal_gpio_clear_pin
                0x0000000008003ba4       0x58 CMakeFiles/slc.dir/base/home/huynh/SimplicityStudio/v6_workspace/empty_2/empty_3/simplicity_sdk_2025.12.3/platform_core/platform/peripheral/src/sl_hal_gpio.c.obj
                0x0000000008003ba4                sl_hal_gpio_clear_pin
 .text.sl_hal_gpio_get_enabled_pending_interrupts
                0x0000000008003bfc       0x14 CMakeFiles/slc.dir/base/home/huynh/SimplicityStudio/v6_workspace/empty_2/empty_3/simplicity_sdk_2025.12.3/platform_core/platform/peripheral/src/sl_hal_gpio.c.obj
                0x0000000008003bfc                sl_hal_gpio_get_enabled_pending_interrupts
 .text.sl_hal_gpio_set_pin_mode
                0x0000000008003c10       0xd0 CMakeFiles/slc.dir/base/home/huynh/SimplicityStudio/v6_workspace/empty_2/empty_3/simplicity_sdk_2025.12.3/platform_core/platform/peripheral/src/sl_hal_gpio.c.obj
                0x0000000008003c10                sl_hal_gpio_set_pin_mode
 .text.sl_hal_i2c_enable
                0x0000000008003ce0       0x3c CMakeFiles/slc.dir/base/home/huynh/SimplicityStudio/v6_workspace/empty_2/empty_3/simplicity_sdk_2025.12.3/platform_core/platform/peripheral/src/sl_hal_i2c.c.obj
                0x0000000008003ce0                sl_hal_i2c_enable
 .text.sl_hal_i2c_disable
                0x0000000008003d1c       0x44 CMakeFiles/slc.dir/base/home/huynh/SimplicityStudio/v6_workspace/empty_2/empty_3/simplicity_sdk_2025.12.3/platform_core/platform/peripheral/src/sl_hal_i2c.c.obj
                0x0000000008003d1c                sl_hal_i2c_disable
 .text.sl_hal_i2c_enable_interrupts
                0x0000000008003d60       0x3c CMakeFiles/slc.dir/base/home/huynh/SimplicityStudio/v6_workspace/empty_2/empty_3/simplicity_sdk_2025.12.3/platform_core/platform/peripheral/src/sl_hal_i2c.c.obj
                0x0000000008003d60                sl_hal_i2c_enable_interrupts
 .text.sl_hal_i2c_disable_interrupts
                0x0000000008003d9c       0x3c CMakeFiles/slc.dir/base/home/huynh/SimplicityStudio/v6_workspace/empty_2/empty_3/simplicity_sdk_2025.12.3/platform_core/platform/peripheral/src/sl_hal_i2c.c.obj
                0x0000000008003d9c                sl_hal_i2c_disable_interrupts
 .text.sl_hal_i2c_clear_interrupts
                0x0000000008003dd8       0x3c CMakeFiles/slc.dir/base/home/huynh/SimplicityStudio/v6_workspace/empty_2/empty_3/simplicity_sdk_2025.12.3/platform_core/platform/peripheral/src/sl_hal_i2c.c.obj
                0x0000000008003dd8                sl_hal_i2c_clear_interrupts
 .text.sl_hal_i2c_get_enabled_pending_interrupts
                0x0000000008003e14       0x3c CMakeFiles/slc.dir/base/home/huynh/SimplicityStudio/v6_workspace/empty_2/empty_3/simplicity_sdk_2025.12.3/platform_core/platform/peripheral/src/sl_hal_i2c.c.obj
                0x0000000008003e14                sl_hal_i2c_get_enabled_pending_interrupts
 .text.sl_hal_i2c_tx
                0x0000000008003e50       0x38 CMakeFiles/slc.dir/base/home/huynh/SimplicityStudio/v6_workspace/empty_2/empty_3/simplicity_sdk_2025.12.3/platform_core/platform/peripheral/src/sl_hal_i2c.c.obj
                0x0000000008003e50                sl_hal_i2c_tx
 .text.sl_hal_i2c_rx
                0x0000000008003e88       0x3c CMakeFiles/slc.dir/base/home/huynh/SimplicityStudio/v6_workspace/empty_2/empty_3/simplicity_sdk_2025.12.3/platform_core/platform/peripheral/src/sl_hal_i2c.c.obj
                0x0000000008003e88                sl_hal_i2c_rx
 .text.sl_hal_i2c_set_clock_frequency
                0x0000000008003ec4      0x108 CMakeFiles/slc.dir/base/home/huynh/SimplicityStudio/v6_workspace/empty_2/empty_3/simplicity_sdk_2025.12.3/platform_core/platform/peripheral/src/sl_hal_i2c.c.obj
                0x0000000008003ec4                sl_hal_i2c_set_clock_frequency
 .text.sl_hal_i2c_reset
                0x0000000008003fcc       0x70 CMakeFiles/slc.dir/base/home/huynh/SimplicityStudio/v6_workspace/empty_2/empty_3/simplicity_sdk_2025.12.3/platform_core/platform/peripheral/src/sl_hal_i2c.c.obj
                0x0000000008003fcc                sl_hal_i2c_reset
 .text.sl_hal_i2c_init
                0x000000000800403c       0x44 CMakeFiles/slc.dir/base/home/huynh/SimplicityStudio/v6_workspace/empty_2/empty_3/simplicity_sdk_2025.12.3/platform_core/platform/peripheral/src/sl_hal_i2c.c.obj
                0x000000000800403c                sl_hal_i2c_init
 .text.sl_hal_i2c_start_cmd
                0x0000000008004080       0x44 CMakeFiles/slc.dir/base/home/huynh/SimplicityStudio/v6_workspace/empty_2/empty_3/simplicity_sdk_2025.12.3/platform_core/platform/peripheral/src/sl_hal_i2c.c.obj
                0x0000000008004080                sl_hal_i2c_start_cmd
 .text.sl_hal_i2c_stop_cmd
                0x00000000080040c4       0x44 CMakeFiles/slc.dir/base/home/huynh/SimplicityStudio/v6_workspace/empty_2/empty_3/simplicity_sdk_2025.12.3/platform_core/platform/peripheral/src/sl_hal_i2c.c.obj
                0x00000000080040c4                sl_hal_i2c_stop_cmd
 .text.sl_hal_sysrtc_wait_ready
                0x0000000008004108       0x1c CMakeFiles/slc.dir/base/home/huynh/SimplicityStudio/v6_workspace/empty_2/empty_3/simplicity_sdk_2025.12.3/platform_core/platform/peripheral/src/sl_hal_sysrtc.c.obj
                0x0000000008004108                sl_hal_sysrtc_wait_ready
 .text.sl_hal_sysrtc_stop
                0x0000000008004124       0x24 CMakeFiles/slc.dir/base/home/huynh/SimplicityStudio/v6_workspace/empty_2/empty_3/simplicity_sdk_2025.12.3/platform_core/platform/peripheral/src/sl_hal_sysrtc.c.obj
                0x0000000008004124                sl_hal_sysrtc_stop
 .text.sl_hal_sysrtc_enable
                0x0000000008004148       0x18 CMakeFiles/slc.dir/base/home/huynh/SimplicityStudio/v6_workspace/empty_2/empty_3/simplicity_sdk_2025.12.3/platform_core/platform/peripheral/src/sl_hal_sysrtc.c.obj
                0x0000000008004148                sl_hal_sysrtc_enable
 .text.sl_hal_sysrtc_disable
                0x0000000008004160       0x1c CMakeFiles/slc.dir/base/home/huynh/SimplicityStudio/v6_workspace/empty_2/empty_3/simplicity_sdk_2025.12.3/platform_core/platform/peripheral/src/sl_hal_sysrtc.c.obj
                0x0000000008004160                sl_hal_sysrtc_disable
 .text.sl_hal_sysrtc_init
                0x000000000800417c       0x24 CMakeFiles/slc.dir/base/home/huynh/SimplicityStudio/v6_workspace/empty_2/empty_3/simplicity_sdk_2025.12.3/platform_core/platform/peripheral/src/sl_hal_sysrtc.c.obj
                0x000000000800417c                sl_hal_sysrtc_init
 .text.sl_hal_sysrtc_init_group
                0x00000000080041a0       0x44 CMakeFiles/slc.dir/base/home/huynh/SimplicityStudio/v6_workspace/empty_2/empty_3/simplicity_sdk_2025.12.3/platform_core/platform/peripheral/src/sl_hal_sysrtc_subsystem.c.obj
                0x00000000080041a0                sl_hal_sysrtc_init_group
 .text.sli_clock_manager_hal_init
                0x00000000080041e4      0x27c CMakeFiles/slc.dir/base/home/huynh/SimplicityStudio/v6_workspace/empty_2/empty_3/simplicity_sdk_2025.12.3/platform_core/platform/service/clock_manager/src/sl_clock_manager_init_hal_s2.c.obj
                0x00000000080041e4                sli_clock_manager_hal_init
 .text.sl_device_init_dcdc
                0x0000000008004460       0x2c CMakeFiles/slc.dir/base/home/huynh/SimplicityStudio/v6_workspace/empty_2/empty_3/simplicity_sdk_2025.12.3/platform_core/platform/service/device_init/src/sl_device_init_dcdc_s2.c.obj
                0x0000000008004460                sl_device_init_dcdc
 .text.sl_device_init_emu
                0x000000000800448c       0x24 CMakeFiles/slc.dir/base/home/huynh/SimplicityStudio/v6_workspace/empty_2/empty_3/simplicity_sdk_2025.12.3/platform_core/platform/service/device_init/src/sl_device_init_emu_s2.c.obj
                0x000000000800448c                sl_device_init_emu
 .text.sl_interrupt_manager_disable_irq
                0x00000000080044b0       0x3c CMakeFiles/slc.dir/base/home/huynh/SimplicityStudio/v6_workspace/empty_2/empty_3/simplicity_sdk_2025.12.3/platform_core/platform/service/interrupt_manager/src/sl_interrupt_manager_cortexm.c.obj
                0x00000000080044b0                sl_interrupt_manager_disable_irq
 .text.sl_interrupt_manager_enable_irq
                0x00000000080044ec       0x34 CMakeFiles/slc.dir/base/home/huynh/SimplicityStudio/v6_workspace/empty_2/empty_3/simplicity_sdk_2025.12.3/platform_core/platform/service/interrupt_manager/src/sl_interrupt_manager_cortexm.c.obj
                0x00000000080044ec                sl_interrupt_manager_enable_irq
 .text.sl_interrupt_manager_is_irq_disabled
                0x0000000008004520       0x30 CMakeFiles/slc.dir/base/home/huynh/SimplicityStudio/v6_workspace/empty_2/empty_3/simplicity_sdk_2025.12.3/platform_core/platform/service/interrupt_manager/src/sl_interrupt_manager_cortexm.c.obj
                0x0000000008004520                sl_interrupt_manager_is_irq_disabled
 .text.sl_interrupt_manager_clear_irq_pending
                0x0000000008004550       0x1c CMakeFiles/slc.dir/base/home/huynh/SimplicityStudio/v6_workspace/empty_2/empty_3/simplicity_sdk_2025.12.3/platform_core/platform/service/interrupt_manager/src/sl_interrupt_manager_cortexm.c.obj
                0x0000000008004550                sl_interrupt_manager_clear_irq_pending
 .text.sl_interrupt_manager_set_irq_priority
                0x000000000800456c       0x54 CMakeFiles/slc.dir/base/home/huynh/SimplicityStudio/v6_workspace/empty_2/empty_3/simplicity_sdk_2025.12.3/platform_core/platform/service/interrupt_manager/src/sl_interrupt_manager_cortexm.c.obj
                0x000000000800456c                sl_interrupt_manager_set_irq_priority
 .text.sl_interrupt_manager_init
                0x00000000080045c0       0x34 CMakeFiles/slc.dir/base/home/huynh/SimplicityStudio/v6_workspace/empty_2/empty_3/simplicity_sdk_2025.12.3/platform_core/platform/service/interrupt_manager/src/sl_interrupt_manager_cortexm.c.obj
                0x00000000080045c0                sl_interrupt_manager_init
 .text.sl_iostream_set_default
                0x00000000080045f4       0x18 CMakeFiles/slc.dir/base/home/huynh/SimplicityStudio/v6_workspace/empty_2/empty_3/simplicity_sdk_2025.12.3/platform_core/platform/service/iostream/src/sl_iostream.c.obj
                0x00000000080045f4                sl_iostream_set_default
 .text.sl_iostream_get_default
                0x000000000800460c       0x18 CMakeFiles/slc.dir/base/home/huynh/SimplicityStudio/v6_workspace/empty_2/empty_3/simplicity_sdk_2025.12.3/platform_core/platform/service/iostream/src/sl_iostream.c.obj
                0x000000000800460c                sl_iostream_get_default
 .text._write   0x0000000008004624       0x20 CMakeFiles/slc.dir/base/home/huynh/SimplicityStudio/v6_workspace/empty_2/empty_3/simplicity_sdk_2025.12.3/platform_core/platform/service/iostream/src/sl_iostream_retarget_stdio.c.obj
                0x0000000008004624                _write
 .text.__rx_buffer_empty
                0x0000000008004644       0x34 CMakeFiles/slc.dir/base/home/huynh/SimplicityStudio/v6_workspace/empty_2/empty_3/simplicity_sdk_2025.12.3/platform_core/platform/service/iostream/src/sl_iostream_uart.c.obj
 .text.__rx_buffer_full
                0x0000000008004678       0x4c CMakeFiles/slc.dir/base/home/huynh/SimplicityStudio/v6_workspace/empty_2/empty_3/simplicity_sdk_2025.12.3/platform_core/platform/service/iostream/src/sl_iostream_uart.c.obj
 .text.__get_write_ptr
                0x00000000080046c4       0x48 CMakeFiles/slc.dir/base/home/huynh/SimplicityStudio/v6_workspace/empty_2/empty_3/simplicity_sdk_2025.12.3/platform_core/platform/service/iostream/src/sl_iostream_uart.c.obj
 .text.__uart_async_start_write
                0x000000000800470c       0x74 CMakeFiles/slc.dir/base/home/huynh/SimplicityStudio/v6_workspace/empty_2/empty_3/simplicity_sdk_2025.12.3/platform_core/platform/service/iostream/src/sl_iostream_uart.c.obj
 .text.set_new_data_detect
                0x0000000008004780      0x174 CMakeFiles/slc.dir/base/home/huynh/SimplicityStudio/v6_workspace/empty_2/empty_3/simplicity_sdk_2025.12.3/platform_core/platform/service/iostream/src/sl_iostream_uart.c.obj
 .text.__uart_async_tx_dma_callback
                0x00000000080048f4       0x40 CMakeFiles/slc.dir/base/home/huynh/SimplicityStudio/v6_workspace/empty_2/empty_3/simplicity_sdk_2025.12.3/platform_core/platform/service/iostream/src/sl_iostream_uart.c.obj
 .text.rx_buffer_empty
                0x0000000008004934       0x38 CMakeFiles/slc.dir/base/home/huynh/SimplicityStudio/v6_workspace/empty_2/empty_3/simplicity_sdk_2025.12.3/platform_core/platform/service/iostream/src/sl_iostream_uart.c.obj
 .text.uart_read
                0x000000000800496c      0x2b8 CMakeFiles/slc.dir/base/home/huynh/SimplicityStudio/v6_workspace/empty_2/empty_3/simplicity_sdk_2025.12.3/platform_core/platform/service/iostream/src/sl_iostream_uart.c.obj
 .text.uart_write
                0x0000000008004c24      0x124 CMakeFiles/slc.dir/base/home/huynh/SimplicityStudio/v6_workspace/empty_2/empty_3/simplicity_sdk_2025.12.3/platform_core/platform/service/iostream/src/sl_iostream_uart.c.obj
 .text.sli_iostream_uart_context_init
                0x0000000008004d48      0x150 CMakeFiles/slc.dir/base/home/huynh/SimplicityStudio/v6_workspace/empty_2/empty_3/simplicity_sdk_2025.12.3/platform_core/platform/service/iostream/src/sl_iostream_uart.c.obj
                0x0000000008004d48                sli_iostream_uart_context_init
 .text.uart_deinit
                0x0000000008004e98       0x9c CMakeFiles/slc.dir/base/home/huynh/SimplicityStudio/v6_workspace/empty_2/empty_3/simplicity_sdk_2025.12.3/platform_core/platform/service/iostream/src/sl_iostream_uart.c.obj
 .text.sl_iostream_usart_init
                0x0000000008004f34      0x174 CMakeFiles/slc.dir/base/home/huynh/SimplicityStudio/v6_workspace/empty_2/empty_3/simplicity_sdk_2025.12.3/platform_core/platform/service/iostream/src/sl_iostream_usart.c.obj
                0x0000000008004f34                sl_iostream_usart_init
 .text.sl_iostream_usart_irq_handler
                0x00000000080050a8        0xc CMakeFiles/slc.dir/base/home/huynh/SimplicityStudio/v6_workspace/empty_2/empty_3/simplicity_sdk_2025.12.3/platform_core/platform/service/iostream/src/sl_iostream_usart.c.obj
                0x00000000080050a8                sl_iostream_usart_irq_handler
 .text._sbrk    0x00000000080050b4       0x20 CMakeFiles/slc.dir/base/home/huynh/SimplicityStudio/v6_workspace/empty_2/empty_3/simplicity_sdk_2025.12.3/platform_core/platform/service/memory_manager/src/sl_memory_manager_region.c.obj
                0x00000000080050b4                _sbrk
 .text.sl_sleeptimer_init
                0x00000000080050d4       0x74 CMakeFiles/slc.dir/base/home/huynh/SimplicityStudio/v6_workspace/empty_2/empty_3/simplicity_sdk_2025.12.3/platform_core/platform/service/sleeptimer/src/sl_sleeptimer.c.obj
                0x00000000080050d4                sl_sleeptimer_init
 .text.sl_sleeptimer_delay_millisecond
                0x0000000008005148       0x38 CMakeFiles/slc.dir/base/home/huynh/SimplicityStudio/v6_workspace/empty_2/empty_3/simplicity_sdk_2025.12.3/platform_core/platform/service/sleeptimer/src/sl_sleeptimer.c.obj
                0x0000000008005148                sl_sleeptimer_delay_millisecond
 .text.sleeptimer_hal_init_timer
                0x0000000008005180       0x6c CMakeFiles/slc.dir/base/home/huynh/SimplicityStudio/v6_workspace/empty_2/empty_3/simplicity_sdk_2025.12.3/platform_core/platform/service/sleeptimer/src/sl_sleeptimer_hal_sysrtc.c.obj
                0x0000000008005180                sleeptimer_hal_init_timer
 .text.sl_udelay_wait
                0x00000000080051ec       0x58 CMakeFiles/slc.dir/base/home/huynh/SimplicityStudio/v6_workspace/empty_2/empty_3/simplicity_sdk_2025.12.3/platform_core/platform/service/udelay/src/sl_udelay.c.obj
                0x00000000080051ec                sl_udelay_wait
 .text._vsnprintf
                0x0000000008005244      0x52c CMakeFiles/slc.dir/base/home/huynh/SimplicityStudio/v6_workspace/empty_2/empty_3/simplicity_sdk_2025.12.3/printf/printf.c.obj
 .text.printf   0x0000000008005770       0x28 CMakeFiles/slc.dir/base/home/huynh/SimplicityStudio/v6_workspace/empty_2/empty_3/simplicity_sdk_2025.12.3/printf/printf.c.obj
                0x0000000008005770                printf
 .text.max30102_read.constprop.0
                0x0000000008005798       0x70 CMakeFiles/slc.dir/base/home/huynh/SimplicityStudio/v6_workspace/empty_2/empty_3/app.c.obj
 .text.app_init
                0x0000000008005808       0xc8 CMakeFiles/slc.dir/base/home/huynh/SimplicityStudio/v6_workspace/empty_2/empty_3/app.c.obj
                0x0000000008005808                app_init
 .text.app_process_action
                0x00000000080058d0       0x84 CMakeFiles/slc.dir/base/home/huynh/SimplicityStudio/v6_workspace/empty_2/empty_3/app.c.obj
                0x00000000080058d0                app_process_action
 .text.sl_i2cspm_init_instances
                0x0000000008005954       0x1c CMakeFiles/slc.dir/base/home/huynh/SimplicityStudio/v6_workspace/empty_2/empty_3/autogen/sl_i2cspm_init.c.obj
                0x0000000008005954                sl_i2cspm_init_instances
 .text.sl_iostream_set_console_instance
                0x0000000008005970       0x24 CMakeFiles/slc.dir/base/home/huynh/SimplicityStudio/v6_workspace/empty_2/empty_3/autogen/sl_iostream_handles.c.obj
                0x0000000008005970                sl_iostream_set_console_instance
 .text.sl_iostream_usart_init_vcom
                0x0000000008005994       0xc4 CMakeFiles/slc.dir/base/home/huynh/SimplicityStudio/v6_workspace/empty_2/empty_3/autogen/sl_iostream_init_usart_instances.c.obj
                0x0000000008005994                sl_iostream_usart_init_vcom
 .text.sl_iostream_usart_init_instances
                0x0000000008005a58       0x1c CMakeFiles/slc.dir/base/home/huynh/SimplicityStudio/v6_workspace/empty_2/empty_3/autogen/sl_iostream_init_usart_instances.c.obj
                0x0000000008005a58                sl_iostream_usart_init_instances
 .text.USART0_RX_IRQHandler
                0x0000000008005a74        0xc CMakeFiles/slc.dir/base/home/huynh/SimplicityStudio/v6_workspace/empty_2/empty_3/autogen/sl_iostream_init_usart_instances.c.obj
                0x0000000008005a74                USART0_RX_IRQHandler
 .text          0x0000000008005a80      0x378 /home/huynh/.silabs/slt/installs/conan/p/gcc-a442105b5c2637/p/bin/../lib/gcc/arm-none-eabi/12.2.1/thumb/v8-m.main+fp/hard/libgcc.a(_arm_addsubdf3.o)
                0x0000000008005a80                __aeabi_drsub
                0x0000000008005a88                __aeabi_dsub
                0x0000000008005a88                __subdf3
                0x0000000008005a8c                __adddf3
                0x0000000008005a8c                __aeabi_dadd
                0x0000000008005d04                __aeabi_ui2d
                0x0000000008005d04                __floatunsidf
                0x0000000008005d24                __floatsidf
                0x0000000008005d24                __aeabi_i2d
                0x0000000008005d48                __extendsfdf2
                0x0000000008005d48                __aeabi_f2d
                0x0000000008005d8c                __aeabi_ul2d
                0x0000000008005d8c                __floatundidf
                0x0000000008005d9c                __floatdidf
                0x0000000008005d9c                __aeabi_l2d
 .text          0x0000000008005df8      0x424 /home/huynh/.silabs/slt/installs/conan/p/gcc-a442105b5c2637/p/bin/../lib/gcc/arm-none-eabi/12.2.1/thumb/v8-m.main+fp/hard/libgcc.a(_arm_muldivdf3.o)
                0x0000000008005df8                __aeabi_dmul
                0x0000000008005df8                __muldf3
                0x000000000800604c                __aeabi_ddiv
                0x000000000800604c                __divdf3
 .text          0x000000000800621c      0x110 /home/huynh/.silabs/slt/installs/conan/p/gcc-a442105b5c2637/p/bin/../lib/gcc/arm-none-eabi/12.2.1/thumb/v8-m.main+fp/hard/libgcc.a(_arm_cmpdf2.o)
                0x000000000800621c                __gtdf2
                0x000000000800621c                __gedf2
                0x0000000008006224                __ltdf2
                0x0000000008006224                __ledf2
                0x000000000800622c                __cmpdf2
                0x000000000800622c                __eqdf2
                0x000000000800622c                __nedf2
                0x00000000080062a8                __aeabi_cdrcmple
                0x00000000080062b8                __aeabi_cdcmple
                0x00000000080062b8                __aeabi_cdcmpeq
                0x00000000080062c8                __aeabi_dcmpeq
                0x00000000080062dc                __aeabi_dcmplt
                0x00000000080062f0                __aeabi_dcmple
                0x0000000008006304                __aeabi_dcmpge
                0x0000000008006318                __aeabi_dcmpgt
 .text          0x000000000800632c       0x50 /home/huynh/.silabs/slt/installs/conan/p/gcc-a442105b5c2637/p/bin/../lib/gcc/arm-none-eabi/12.2.1/thumb/v8-m.main+fp/hard/libgcc.a(_arm_fixdfsi.o)
                0x000000000800632c                __fixdfsi
                0x000000000800632c                __aeabi_d2iz
 .text          0x000000000800637c       0x40 /home/huynh/.silabs/slt/installs/conan/p/gcc-a442105b5c2637/p/bin/../lib/gcc/arm-none-eabi/12.2.1/thumb/v8-m.main+fp/hard/libgcc.a(_arm_fixunsdfsi.o)
                0x000000000800637c                __fixunsdfsi
                0x000000000800637c                __aeabi_d2uiz
 .text          0x00000000080063bc       0x30 /home/huynh/.silabs/slt/installs/conan/p/gcc-a442105b5c2637/p/bin/../lib/gcc/arm-none-eabi/12.2.1/thumb/v8-m.main+fp/hard/libgcc.a(_aeabi_uldivmod.o)
                0x00000000080063bc                __aeabi_uldivmod
 .text.__udivmoddi4
                0x00000000080063ec      0x2ec /home/huynh/.silabs/slt/installs/conan/p/gcc-a442105b5c2637/p/bin/../lib/gcc/arm-none-eabi/12.2.1/thumb/v8-m.main+fp/hard/libgcc.a(_udivmoddi4.o)
                0x00000000080063ec                __udivmoddi4
 .text          0x00000000080066d8        0x4 /home/huynh/.silabs/slt/installs/conan/p/gcc-a442105b5c2637/p/bin/../lib/gcc/arm-none-eabi/12.2.1/thumb/v8-m.main+fp/hard/libgcc.a(_dvmd_tls.o)
                0x00000000080066d8                __aeabi_ldiv0
                0x00000000080066d8                __aeabi_idiv0
 .text.exit     0x00000000080066dc       0x24 /home/huynh/.silabs/slt/installs/conan/p/gcc-a442105b5c2637/p/bin/../lib/gcc/arm-none-eabi/12.2.1/../../../../arm-none-eabi/lib/thumb/v8-m.main+fp/hard/libc_nano.a(libc_a-exit.o)
                0x00000000080066dc                exit
 .text.__libc_init_array
                0x0000000008006700       0x48 /home/huynh/.silabs/slt/installs/conan/p/gcc-a442105b5c2637/p/bin/../lib/gcc/arm-none-eabi/12.2.1/../../../../arm-none-eabi/lib/thumb/v8-m.main+fp/hard/libc_nano.a(libc_a-init.o)
                0x0000000008006700                __libc_init_array
 .text.std      0x0000000008006748       0x6c /home/huynh/.silabs/slt/installs/conan/p/gcc-a442105b5c2637/p/bin/../lib/gcc/arm-none-eabi/12.2.1/../../../../arm-none-eabi/lib/thumb/v8-m.main+fp/hard/libc_nano.a(libc_a-findfp.o)
 .text.stdio_exit_handler
                0x00000000080067b4       0x18 /home/huynh/.silabs/slt/installs/conan/p/gcc-a442105b5c2637/p/bin/../lib/gcc/arm-none-eabi/12.2.1/../../../../arm-none-eabi/lib/thumb/v8-m.main+fp/hard/libc_nano.a(libc_a-findfp.o)
 .text.cleanup_stdio
                0x00000000080067cc       0x40 /home/huynh/.silabs/slt/installs/conan/p/gcc-a442105b5c2637/p/bin/../lib/gcc/arm-none-eabi/12.2.1/../../../../arm-none-eabi/lib/thumb/v8-m.main+fp/hard/libc_nano.a(libc_a-findfp.o)
 .text.global_stdio_init.part.0
                0x000000000800680c       0x3c /home/huynh/.silabs/slt/installs/conan/p/gcc-a442105b5c2637/p/bin/../lib/gcc/arm-none-eabi/12.2.1/../../../../arm-none-eabi/lib/thumb/v8-m.main+fp/hard/libc_nano.a(libc_a-findfp.o)
 .text.__sfp_lock_acquire
                0x0000000008006848        0xc /home/huynh/.silabs/slt/installs/conan/p/gcc-a442105b5c2637/p/bin/../lib/gcc/arm-none-eabi/12.2.1/../../../../arm-none-eabi/lib/thumb/v8-m.main+fp/hard/libc_nano.a(libc_a-findfp.o)
                0x0000000008006848                __sfp_lock_acquire
 .text.__sfp_lock_release
                0x0000000008006854        0xc /home/huynh/.silabs/slt/installs/conan/p/gcc-a442105b5c2637/p/bin/../lib/gcc/arm-none-eabi/12.2.1/../../../../arm-none-eabi/lib/thumb/v8-m.main+fp/hard/libc_nano.a(libc_a-findfp.o)
                0x0000000008006854                __sfp_lock_release
 .text.__sinit  0x0000000008006860       0x30 /home/huynh/.silabs/slt/installs/conan/p/gcc-a442105b5c2637/p/bin/../lib/gcc/arm-none-eabi/12.2.1/../../../../arm-none-eabi/lib/thumb/v8-m.main+fp/hard/libc_nano.a(libc_a-findfp.o)
                0x0000000008006860                __sinit
 .text.setvbuf  0x0000000008006890      0x168 /home/huynh/.silabs/slt/installs/conan/p/gcc-a442105b5c2637/p/bin/../lib/gcc/arm-none-eabi/12.2.1/../../../../arm-none-eabi/lib/thumb/v8-m.main+fp/hard/libc_nano.a(libc_a-setvbuf.o)
                0x0000000008006890                setvbuf
 .text._write_r
                0x00000000080069f8       0x24 /home/huynh/.silabs/slt/installs/conan/p/gcc-a442105b5c2637/p/bin/../lib/gcc/arm-none-eabi/12.2.1/../../../../arm-none-eabi/lib/thumb/v8-m.main+fp/hard/libc_nano.a(libc_a-writer.o)
                0x00000000080069f8                _write_r
 .text._free_r  0x0000000008006a1c       0x94 /home/huynh/.silabs/slt/installs/conan/p/gcc-a442105b5c2637/p/bin/../lib/gcc/arm-none-eabi/12.2.1/../../../../arm-none-eabi/lib/thumb/v8-m.main+fp/hard/libc_nano.a(libc_a-freer.o)
                0x0000000008006a1c                _free_r
 .text._close_r
                0x0000000008006ab0       0x20 /home/huynh/.silabs/slt/installs/conan/p/gcc-a442105b5c2637/p/bin/../lib/gcc/arm-none-eabi/12.2.1/../../../../arm-none-eabi/lib/thumb/v8-m.main+fp/hard/libc_nano.a(libc_a-closer.o)
                0x0000000008006ab0                _close_r
 .text.malloc   0x0000000008006ad0       0x10 /home/huynh/.silabs/slt/installs/conan/p/gcc-a442105b5c2637/p/bin/../lib/gcc/arm-none-eabi/12.2.1/../../../../arm-none-eabi/lib/thumb/v8-m.main+fp/hard/libc_nano.a(libc_a-malloc.o)
                0x0000000008006ad0                malloc
 .text.sbrk_aligned
                0x0000000008006ae0       0x44 /home/huynh/.silabs/slt/installs/conan/p/gcc-a442105b5c2637/p/bin/../lib/gcc/arm-none-eabi/12.2.1/../../../../arm-none-eabi/lib/thumb/v8-m.main+fp/hard/libc_nano.a(libc_a-mallocr.o)
 .text._malloc_r
                0x0000000008006b24       0xf0 /home/huynh/.silabs/slt/installs/conan/p/gcc-a442105b5c2637/p/bin/../lib/gcc/arm-none-eabi/12.2.1/../../../../arm-none-eabi/lib/thumb/v8-m.main+fp/hard/libc_nano.a(libc_a-mallocr.o)
                0x0000000008006b24                _malloc_r
 .text._fstat_r
                0x0000000008006c14       0x24 /home/huynh/.silabs/slt/installs/conan/p/gcc-a442105b5c2637/p/bin/../lib/gcc/arm-none-eabi/12.2.1/../../../../arm-none-eabi/lib/thumb/v8-m.main+fp/hard/libc_nano.a(libc_a-fstatr.o)
                0x0000000008006c14                _fstat_r
 .text._lseek_r
                0x0000000008006c38       0x24 /home/huynh/.silabs/slt/installs/conan/p/gcc-a442105b5c2637/p/bin/../lib/gcc/arm-none-eabi/12.2.1/../../../../arm-none-eabi/lib/thumb/v8-m.main+fp/hard/libc_nano.a(libc_a-lseekr.o)
                0x0000000008006c38                _lseek_r
 .text._read_r  0x0000000008006c5c       0x24 /home/huynh/.silabs/slt/installs/conan/p/gcc-a442105b5c2637/p/bin/../lib/gcc/arm-none-eabi/12.2.1/../../../../arm-none-eabi/lib/thumb/v8-m.main+fp/hard/libc_nano.a(libc_a-readr.o)
                0x0000000008006c5c                _read_r
 .text.__malloc_lock
                0x0000000008006c80        0xc /home/huynh/.silabs/slt/installs/conan/p/gcc-a442105b5c2637/p/bin/../lib/gcc/arm-none-eabi/12.2.1/../../../../arm-none-eabi/lib/thumb/v8-m.main+fp/hard/libc_nano.a(libc_a-mlock.o)
                0x0000000008006c80                __malloc_lock
 .text.__malloc_unlock
                0x0000000008006c8c        0xc /home/huynh/.silabs/slt/installs/conan/p/gcc-a442105b5c2637/p/bin/../lib/gcc/arm-none-eabi/12.2.1/../../../../arm-none-eabi/lib/thumb/v8-m.main+fp/hard/libc_nano.a(libc_a-mlock.o)
                0x0000000008006c8c                __malloc_unlock
 .text._sbrk_r  0x0000000008006c98       0x20 /home/huynh/.silabs/slt/installs/conan/p/gcc-a442105b5c2637/p/bin/../lib/gcc/arm-none-eabi/12.2.1/../../../../arm-none-eabi/lib/thumb/v8-m.main+fp/hard/libc_nano.a(libc_a-sbrkr.o)
                0x0000000008006c98                _sbrk_r
 .text.sl_board_configure_vcom
                0x0000000008006cb8        0x4 CMakeFiles/slc.dir/base/home/huynh/SimplicityStudio/v6_workspace/empty_2/empty_3/simplicity_sdk_2025.12.3/boards/hardware/board/src/sl_board_control_gpio.c.obj
                0x0000000008006cb8                sl_board_configure_vcom
 .text.Default_Handler
                0x0000000008006cbc        0x2 CMakeFiles/slc.dir/base/home/huynh/SimplicityStudio/v6_workspace/empty_2/empty_3/simplicity_sdk_2025.12.3/devices/platform/Device/SiliconLabs/EFR32MG26/Source/startup_efr32mg26.c.obj
                0x0000000008006cbc                ULFRCO_IRQHandler
                0x0000000008006cbc                AHB2AHB1_IRQHandler
                0x0000000008006cbc                SW2_IRQHandler
                0x0000000008006cbc                TIMER2_IRQHandler
                0x0000000008006cbc                DebugMon_Handler
                0x0000000008006cbc                TIMER5_IRQHandler
                0x0000000008006cbc                IADC_IRQHandler
                0x0000000008006cbc                EUSART0_TX_IRQHandler
                0x0000000008006cbc                LFXO_IRQHandler
                0x0000000008006cbc                HardFault_Handler
                0x0000000008006cbc                SMU_SECURE_IRQHandler
                0x0000000008006cbc                SysTick_Handler
                0x0000000008006cbc                SYSRTC_SEQ_IRQHandler
                0x0000000008006cbc                USART1_RX_IRQHandler
                0x0000000008006cbc                EMUEFP_IRQHandler
                0x0000000008006cbc                TIMER7_IRQHandler
                0x0000000008006cbc                EUSART2_TX_IRQHandler
                0x0000000008006cbc                PendSV_Handler
                0x0000000008006cbc                NMI_Handler
                0x0000000008006cbc                SYNTH_IRQHandler
                0x0000000008006cbc                HOSTMAILBOX_IRQHandler
                0x0000000008006cbc                HFXO0_IRQHandler
                0x0000000008006cbc                EUSART3_TX_IRQHandler
                0x0000000008006cbc                WDOG0_IRQHandler
                0x0000000008006cbc                TIMER3_IRQHandler
                0x0000000008006cbc                SYSCFG_IRQHandler
                0x0000000008006cbc                RFECA1_IRQHandler
                0x0000000008006cbc                EMUDG_IRQHandler
                0x0000000008006cbc                USART1_TX_IRQHandler
                0x0000000008006cbc                MSC_IRQHandler
                0x0000000008006cbc                DPLL0_IRQHandler
                0x0000000008006cbc                TIMER8_IRQHandler
                0x0000000008006cbc                UsageFault_Handler
                0x0000000008006cbc                WDOG1_IRQHandler
                0x0000000008006cbc                M33CTI1_IRQHandler
                0x0000000008006cbc                TIMER4_IRQHandler
                0x0000000008006cbc                TIMER9_IRQHandler
                0x0000000008006cbc                VDAC0_IRQHandler
                0x0000000008006cbc                TIMER6_IRQHandler
                0x0000000008006cbc                SEMBTX_IRQHandler
                0x0000000008006cbc                SW0_IRQHandler
                0x0000000008006cbc                TIMER0_IRQHandler
                0x0000000008006cbc                LCD_IRQHandler
                0x0000000008006cbc                MVP_IRQHandler
                0x0000000008006cbc                LETIMER0_IRQHandler
                0x0000000008006cbc                EUSART1_RX_IRQHandler
                0x0000000008006cbc                TIMER1_IRQHandler
                0x0000000008006cbc                HFRCO0_IRQHandler
                0x0000000008006cbc                SecureFault_Handler
                0x0000000008006cbc                BUFC_IRQHandler
                0x0000000008006cbc                DCDC_IRQHandler
                0x0000000008006cbc                MODEM_IRQHandler
                0x0000000008006cbc                USART2_RX_IRQHandler
                0x0000000008006cbc                Default_Handler
                0x0000000008006cbc                RAC_SEQ_IRQHandler
                0x0000000008006cbc                FRC_PRI_IRQHandler
                0x0000000008006cbc                EMU_IRQHandler
                0x0000000008006cbc                SW3_IRQHandler
                0x0000000008006cbc                KERNEL0_IRQHandler
                0x0000000008006cbc                FRC_IRQHandler
                0x0000000008006cbc                PCNT0_IRQHandler
                0x0000000008006cbc                KERNEL1_IRQHandler
                0x0000000008006cbc                AGC_IRQHandler
                0x0000000008006cbc                EUSART1_TX_IRQHandler
                0x0000000008006cbc                KEYSCAN_IRQHandler
                0x0000000008006cbc                sl_app_properties
                0x0000000008006cbc                HFRCOEM23_IRQHandler
                0x0000000008006cbc                BURTC_IRQHandler
                0x0000000008006cbc                SEMBRX_IRQHandler
                0x0000000008006cbc                RFECA0_IRQHandler
                0x0000000008006cbc                LFRCO_IRQHandler
                0x0000000008006cbc                I2C3_IRQHandler
                0x0000000008006cbc                VDAC1_IRQHandler
                0x0000000008006cbc                ACMP0_IRQHandler
                0x0000000008006cbc                MemManage_Handler
                0x0000000008006cbc                MPAHBRAM0_IRQHandler
                0x0000000008006cbc                AHB2AHB0_IRQHandler
                0x0000000008006cbc                SVC_Handler
                0x0000000008006cbc                EUSART3_RX_IRQHandler
                0x0000000008006cbc                EUSART2_RX_IRQHandler
                0x0000000008006cbc                SMU_S_PRIVILEGED_IRQHandler
                0x0000000008006cbc                SW1_IRQHandler
                0x0000000008006cbc                CMU_IRQHandler
                0x0000000008006cbc                EUSART0_RX_IRQHandler
                0x0000000008006cbc                RAC_RSM_IRQHandler
                0x0000000008006cbc                SETAMPERHOST_IRQHandler
                0x0000000008006cbc                AES_IRQHandler
                0x0000000008006cbc                M33CTI0_IRQHandler
                0x0000000008006cbc                ICACHE0_IRQHandler
                0x0000000008006cbc                SMU_NS_PRIVILEGED_IRQHandler
                0x0000000008006cbc                FPUEXH_IRQHandler
                0x0000000008006cbc                PROTIMER_IRQHandler
                0x0000000008006cbc                ACMP1_IRQHandler
                0x0000000008006cbc                BusFault_Handler
                0x0000000008006cbc                USART2_TX_IRQHandler
                0x0000000008006cbc                MPAHBRAM1_IRQHandler
 .text.CopyMemory
                0x0000000008006cbe       0x1a CMakeFiles/slc.dir/base/home/huynh/SimplicityStudio/v6_workspace/empty_2/empty_3/simplicity_sdk_2025.12.3/devices/platform/Device/SiliconLabs/EFR32MG26/Source/startup_efr32mg26.c.obj
                0x0000000008006cbe                CopyMemory
 .text.assertEFM
                0x0000000008006cd8        0x2 CMakeFiles/slc.dir/base/home/huynh/SimplicityStudio/v6_workspace/empty_2/empty_3/simplicity_sdk_2025.12.3/platform_common/platform/common/src/sl_assert.c.obj
                0x0000000008006cd8                assertEFM
 .text.sl_slist_init
                0x0000000008006cda        0x6 CMakeFiles/slc.dir/base/home/huynh/SimplicityStudio/v6_workspace/empty_2/empty_3/simplicity_sdk_2025.12.3/platform_common/platform/common/src/sl_slist.c.obj
                0x0000000008006cda                sl_slist_init
 .text.sli_cos_swo_itm_8_write.constprop.0.isra.0
                0x0000000008006ce0       0x78 CMakeFiles/slc.dir/base/home/huynh/SimplicityStudio/v6_workspace/empty_2/empty_3/simplicity_sdk_2025.12.3/platform_core/hardware/driver/configuration_over_swo/src/sl_cos.c.obj
 .text.sl_cos_send_config
                0x0000000008006d58       0x12 CMakeFiles/slc.dir/base/home/huynh/SimplicityStudio/v6_workspace/empty_2/empty_3/simplicity_sdk_2025.12.3/platform_core/hardware/driver/configuration_over_swo/src/sl_cos.c.obj
                0x0000000008006d58                sl_cos_send_config
 .text.sl_cos_config_vcom
                0x0000000008006d6a       0x1c CMakeFiles/slc.dir/base/home/huynh/SimplicityStudio/v6_workspace/empty_2/empty_3/simplicity_sdk_2025.12.3/platform_core/hardware/driver/configuration_over_swo/src/sl_cos.c.obj
                0x0000000008006d6a                sl_cos_config_vcom
 .text.sl_debug_swo_enable_itm
                0x0000000008006d86       0x16 CMakeFiles/slc.dir/base/home/huynh/SimplicityStudio/v6_workspace/empty_2/empty_3/simplicity_sdk_2025.12.3/platform_core/platform/driver/debug/src/sl_debug_swo.c.obj
                0x0000000008006d86                sl_debug_swo_enable_itm
 .text.sl_debug_swo_disable_itm
                0x0000000008006d9c       0x18 CMakeFiles/slc.dir/base/home/huynh/SimplicityStudio/v6_workspace/empty_2/empty_3/simplicity_sdk_2025.12.3/platform_core/platform/driver/debug/src/sl_debug_swo.c.obj
                0x0000000008006d9c                sl_debug_swo_disable_itm
 .text.get_current_time_ms
                0x0000000008006db4        0xe CMakeFiles/slc.dir/base/home/huynh/SimplicityStudio/v6_workspace/empty_2/empty_3/simplicity_sdk_2025.12.3/platform_core/platform/driver/i2c/src/sl_i2c.c.obj
 .text.stop_active_dma_transfers
                0x0000000008006dc2       0x42 CMakeFiles/slc.dir/base/home/huynh/SimplicityStudio/v6_workspace/empty_2/empty_3/simplicity_sdk_2025.12.3/platform_core/platform/driver/i2c/src/sl_i2c.c.obj
 .text.sl_i2c_leader_send_blocking
                0x0000000008006e04       0x60 CMakeFiles/slc.dir/base/home/huynh/SimplicityStudio/v6_workspace/empty_2/empty_3/simplicity_sdk_2025.12.3/platform_core/platform/driver/i2c/src/sl_i2c.c.obj
                0x0000000008006e04                sl_i2c_leader_send_blocking
 .text.sl_i2c_leader_receive_blocking
                0x0000000008006e64       0x68 CMakeFiles/slc.dir/base/home/huynh/SimplicityStudio/v6_workspace/empty_2/empty_3/simplicity_sdk_2025.12.3/platform_core/platform/driver/i2c/src/sl_i2c.c.obj
                0x0000000008006e64                sl_i2c_leader_receive_blocking
 .text.sl_i2c_leader_transfer_blocking
                0x0000000008006ecc       0x78 CMakeFiles/slc.dir/base/home/huynh/SimplicityStudio/v6_workspace/empty_2/empty_3/simplicity_sdk_2025.12.3/platform_core/platform/driver/i2c/src/sl_i2c.c.obj
                0x0000000008006ecc                sl_i2c_leader_transfer_blocking
 .text.I2C0_IRQHandler
                0x0000000008006f44        0x6 CMakeFiles/slc.dir/base/home/huynh/SimplicityStudio/v6_workspace/empty_2/empty_3/simplicity_sdk_2025.12.3/platform_core/platform/driver/i2c/src/sl_i2c.c.obj
                0x0000000008006f44                I2C0_IRQHandler
 .text.I2C1_IRQHandler
                0x0000000008006f4a        0x6 CMakeFiles/slc.dir/base/home/huynh/SimplicityStudio/v6_workspace/empty_2/empty_3/simplicity_sdk_2025.12.3/platform_core/platform/driver/i2c/src/sl_i2c.c.obj
                0x0000000008006f4a                I2C1_IRQHandler
 .text.I2C2_IRQHandler
                0x0000000008006f50        0x6 CMakeFiles/slc.dir/base/home/huynh/SimplicityStudio/v6_workspace/empty_2/empty_3/simplicity_sdk_2025.12.3/platform_core/platform/driver/i2c/src/sl_i2c.c.obj
                0x0000000008006f50                I2C2_IRQHandler
 .text.DMADRV_PeripheralMemory
                0x0000000008006f56       0x34 CMakeFiles/slc.dir/base/home/huynh/SimplicityStudio/v6_workspace/empty_2/empty_3/simplicity_sdk_2025.12.3/platform_core/platform/emdrv/dmadrv/src/dmadrv.c.obj
                0x0000000008006f56                DMADRV_PeripheralMemory
 .text.BUS_RegMaskedWrite
                0x0000000008006f8a       0x1e CMakeFiles/slc.dir/base/home/huynh/SimplicityStudio/v6_workspace/empty_2/empty_3/simplicity_sdk_2025.12.3/platform_core/platform/emlib/src/em_cmu.c.obj
 .text.waitStateMax
                0x0000000008006fa8       0x10 CMakeFiles/slc.dir/base/home/huynh/SimplicityStudio/v6_workspace/empty_2/empty_3/simplicity_sdk_2025.12.3/platform_core/platform/emlib/src/em_cmu.c.obj
 .text.CMU_UpdateWaitStates
                0x0000000008006fb8        0xc CMakeFiles/slc.dir/base/home/huynh/SimplicityStudio/v6_workspace/empty_2/empty_3/simplicity_sdk_2025.12.3/platform_core/platform/emlib/src/em_cmu.c.obj
                0x0000000008006fb8                CMU_UpdateWaitStates
 .text.pclkDivMax
                0x0000000008006fc4        0xa CMakeFiles/slc.dir/base/home/huynh/SimplicityStudio/v6_workspace/empty_2/empty_3/simplicity_sdk_2025.12.3/platform_core/platform/emlib/src/em_cmu.c.obj
 .text.EMU_EFPEM01VScale
                0x0000000008006fce        0x2 CMakeFiles/slc.dir/base/home/huynh/SimplicityStudio/v6_workspace/empty_2/empty_3/simplicity_sdk_2025.12.3/platform_core/platform/emlib/src/em_emu.c.obj
                0x0000000008006fce                EMU_EFPEM01VScale
 .text.EMU_DCDCUpdatedHook
                0x0000000008006fd0        0x2 CMakeFiles/slc.dir/base/home/huynh/SimplicityStudio/v6_workspace/empty_2/empty_3/simplicity_sdk_2025.12.3/platform_core/platform/emlib/src/em_emu.c.obj
                0x0000000008006fd0                EMU_DCDCUpdatedHook
 .text.BUS_RegMaskedWrite